Archive member included to satisfy reference by file (symbol)

/usr/local/gcc-arm-none-eabi-5_2-2015q4/bin/../lib/gcc/arm-none-eabi/5.2.1/../../../../arm-none-eabi/lib/armv7e-m/libg_nano.a(lib_a-atoi.o)
                              ./src/main.o (atoi)
/usr/local/gcc-arm-none-eabi-5_2-2015q4/bin/../lib/gcc/arm-none-eabi/5.2.1/../../../../arm-none-eabi/lib/armv7e-m/libg_nano.a(lib_a-ctype_.o)
                              ./system/src/newlib/_syscalls.o (__ctype_ptr__)
/usr/local/gcc-arm-none-eabi-5_2-2015q4/bin/../lib/gcc/arm-none-eabi/5.2.1/../../../../arm-none-eabi/lib/armv7e-m/libg_nano.a(lib_a-errno.o)
                              ./system/src/newlib/_sbrk.o (__errno)
/usr/local/gcc-arm-none-eabi-5_2-2015q4/bin/../lib/gcc/arm-none-eabi/5.2.1/../../../../arm-none-eabi/lib/armv7e-m/libg_nano.a(lib_a-findfp.o)
                              ./system/src/newlib/_syscalls.o (__sinit)
/usr/local/gcc-arm-none-eabi-5_2-2015q4/bin/../lib/gcc/arm-none-eabi/5.2.1/../../../../arm-none-eabi/lib/armv7e-m/libg_nano.a(lib_a-fwalk.o)
                              /usr/local/gcc-arm-none-eabi-5_2-2015q4/bin/../lib/gcc/arm-none-eabi/5.2.1/../../../../arm-none-eabi/lib/armv7e-m/libg_nano.a(lib_a-findfp.o) (_fwalk)
/usr/local/gcc-arm-none-eabi-5_2-2015q4/bin/../lib/gcc/arm-none-eabi/5.2.1/../../../../arm-none-eabi/lib/armv7e-m/libg_nano.a(lib_a-fwrite.o)
                              ./src/main.o (fwrite)
/usr/local/gcc-arm-none-eabi-5_2-2015q4/bin/../lib/gcc/arm-none-eabi/5.2.1/../../../../arm-none-eabi/lib/armv7e-m/libg_nano.a(lib_a-impure.o)
                              /usr/local/gcc-arm-none-eabi-5_2-2015q4/bin/../lib/gcc/arm-none-eabi/5.2.1/../../../../arm-none-eabi/lib/armv7e-m/libg_nano.a(lib_a-findfp.o) (_global_impure_ptr)
/usr/local/gcc-arm-none-eabi-5_2-2015q4/bin/../lib/gcc/arm-none-eabi/5.2.1/../../../../arm-none-eabi/lib/armv7e-m/libg_nano.a(lib_a-memset.o)
                              ./system/src/newlib/_syscalls.o (memset)
/usr/local/gcc-arm-none-eabi-5_2-2015q4/bin/../lib/gcc/arm-none-eabi/5.2.1/../../../../arm-none-eabi/lib/armv7e-m/libg_nano.a(lib_a-nano-mallocr.o)
                              /usr/local/gcc-arm-none-eabi-5_2-2015q4/bin/../lib/gcc/arm-none-eabi/5.2.1/../../../../arm-none-eabi/lib/armv7e-m/libg_nano.a(lib_a-findfp.o) (_malloc_r)
/usr/local/gcc-arm-none-eabi-5_2-2015q4/bin/../lib/gcc/arm-none-eabi/5.2.1/../../../../arm-none-eabi/lib/armv7e-m/libg_nano.a(lib_a-puts.o)
                              ./src/main.o (puts)
/usr/local/gcc-arm-none-eabi-5_2-2015q4/bin/../lib/gcc/arm-none-eabi/5.2.1/../../../../arm-none-eabi/lib/armv7e-m/libg_nano.a(lib_a-rand.o)
                              ./src/led-bytes.o (rand)
/usr/local/gcc-arm-none-eabi-5_2-2015q4/bin/../lib/gcc/arm-none-eabi/5.2.1/../../../../arm-none-eabi/lib/armv7e-m/libg_nano.a(lib_a-sbrkr.o)
                              /usr/local/gcc-arm-none-eabi-5_2-2015q4/bin/../lib/gcc/arm-none-eabi/5.2.1/../../../../arm-none-eabi/lib/armv7e-m/libg_nano.a(lib_a-nano-mallocr.o) (_sbrk_r)
/usr/local/gcc-arm-none-eabi-5_2-2015q4/bin/../lib/gcc/arm-none-eabi/5.2.1/../../../../arm-none-eabi/lib/armv7e-m/libg_nano.a(lib_a-stdio.o)
                              /usr/local/gcc-arm-none-eabi-5_2-2015q4/bin/../lib/gcc/arm-none-eabi/5.2.1/../../../../arm-none-eabi/lib/armv7e-m/libg_nano.a(lib_a-findfp.o) (__sread)
/usr/local/gcc-arm-none-eabi-5_2-2015q4/bin/../lib/gcc/arm-none-eabi/5.2.1/../../../../arm-none-eabi/lib/armv7e-m/libg_nano.a(lib_a-strcmp.o)
                              ./system/src/cortexm/exception_handlers.o (strcmp)
/usr/local/gcc-arm-none-eabi-5_2-2015q4/bin/../lib/gcc/arm-none-eabi/5.2.1/../../../../arm-none-eabi/lib/armv7e-m/libg_nano.a(lib_a-strlen.o)
                              ./system/src/newlib/_syscalls.o (strlen)
/usr/local/gcc-arm-none-eabi-5_2-2015q4/bin/../lib/gcc/arm-none-eabi/5.2.1/../../../../arm-none-eabi/lib/armv7e-m/libg_nano.a(lib_a-strncpy.o)
                              ./system/src/newlib/_syscalls.o (strncpy)
/usr/local/gcc-arm-none-eabi-5_2-2015q4/bin/../lib/gcc/arm-none-eabi/5.2.1/../../../../arm-none-eabi/lib/armv7e-m/libg_nano.a(lib_a-strtol.o)
                              /usr/local/gcc-arm-none-eabi-5_2-2015q4/bin/../lib/gcc/arm-none-eabi/5.2.1/../../../../arm-none-eabi/lib/armv7e-m/libg_nano.a(lib_a-atoi.o) (_strtol_r)
/usr/local/gcc-arm-none-eabi-5_2-2015q4/bin/../lib/gcc/arm-none-eabi/5.2.1/../../../../arm-none-eabi/lib/armv7e-m/libg_nano.a(lib_a-vsnprintf.o)
                              ./system/src/diag/Trace.o (vsnprintf)
/usr/local/gcc-arm-none-eabi-5_2-2015q4/bin/../lib/gcc/arm-none-eabi/5.2.1/../../../../arm-none-eabi/lib/armv7e-m/libg_nano.a(lib_a-wbuf.o)
                              /usr/local/gcc-arm-none-eabi-5_2-2015q4/bin/../lib/gcc/arm-none-eabi/5.2.1/../../../../arm-none-eabi/lib/armv7e-m/libg_nano.a(lib_a-fwrite.o) (__swbuf_r)
/usr/local/gcc-arm-none-eabi-5_2-2015q4/bin/../lib/gcc/arm-none-eabi/5.2.1/../../../../arm-none-eabi/lib/armv7e-m/libg_nano.a(lib_a-writer.o)
[...]
Memory Configuration

Name             Origin             Length             Attributes
RAM              0x20000000         0x00020000         xrw
CCMRAM           0x10000000         0x00010000         xrw
FLASH            0x08000000         0x00100000         xr
FLASHB1          0x00000000         0x00000000         xr
EXTMEMB0         0x00000000         0x00000000         xr
EXTMEMB1         0x00000000         0x00000000         xr
EXTMEMB2         0x00000000         0x00000000         xr
EXTMEMB3         0x00000000         0x00000000         xr
MEMORY_ARRAY     0x20002000         0x00000020         xrw
*default*        0x00000000         0xffffffff

Linker script and memory map

LOAD ./system/src/stm32f4-hal/stm32f4xx_hal.o
LOAD ./system/src/stm32f4-hal/stm32f4xx_hal_cortex.o
LOAD ./system/src/stm32f4-hal/stm32f4xx_hal_flash.o
LOAD ./system/src/stm32f4-hal/stm32f4xx_hal_gpio.o
LOAD ./system/src/stm32f4-hal/stm32f4xx_hal_iwdg.o
LOAD ./system/src/stm32f4-hal/stm32f4xx_hal_pwr.o
LOAD ./system/src/stm32f4-hal/stm32f4xx_hal_rcc.o
LOAD ./system/src/newlib/_cxx.o
LOAD ./system/src/newlib/_exit.o
LOAD ./system/src/newlib/_sbrk.o
LOAD ./system/src/newlib/_startup.o
LOAD ./system/src/newlib/_syscalls.o
LOAD ./system/src/newlib/assert.o
LOAD ./system/src/diag/Trace.o
LOAD ./system/src/diag/trace_impl.o
LOAD ./system/src/cortexm/_initialize_hardware.o
LOAD ./system/src/cortexm/_reset_hardware.o
LOAD ./system/src/cortexm/exception_handlers.o
LOAD ./system/src/cmsis/system_stm32f4xx.o
LOAD ./system/src/cmsis/vectors_stm32f407xx.o
LOAD ./src/BlinkLed.o
LOAD ./src/Timer.o
LOAD ./src/_initialize_hardware.o
LOAD ./src/_write.o
LOAD ./src/led-bytes.o
LOAD ./src/main.o
LOAD ./src/stm32f4xx_hal_msp.o
LOAD /usr/local/gcc-arm-none-eabi-5_2-2015q4/bin/../lib/gcc/arm-none-eabi/5.2.1/../../../../arm-none-eabi/lib/armv7e-m/libstdc++_nano.a
LOAD /usr/local/gcc-arm-none-eabi-5_2-2015q4/bin/../lib/gcc/arm-none-eabi/5.2.1/../../../../arm-none-eabi/lib/armv7e-m/libm.a
START GROUP
LOAD /usr/local/gcc-arm-none-eabi-5_2-2015q4/bin/../lib/gcc/arm-none-eabi/5.2.1/armv7e-m/libgcc.a
LOAD /usr/local/gcc-arm-none-eabi-5_2-2015q4/bin/../lib/gcc/arm-none-eabi/5.2.1/../../../../arm-none-eabi/lib/armv7e-m/libg_nano.a
LOAD /usr/local/gcc-arm-none-eabi-5_2-2015q4/bin/../lib/gcc/arm-none-eabi/5.2.1/../../../../arm-none-eabi/lib/armv7e-m/libc_nano.a
END GROUP
START GROUP
LOAD /usr/local/gcc-arm-none-eabi-5_2-2015q4/bin/../lib/gcc/arm-none-eabi/5.2.1/armv7e-m/libgcc.a
LOAD /usr/local/gcc-arm-none-eabi-5_2-2015q4/bin/../lib/gcc/arm-none-eabi/5.2.1/../../../../arm-none-eabi/lib/armv7e-m/libc_nano.a
END GROUP
                0x20020000                __stack = (ORIGIN (RAM) + LENGTH (RAM))
                0x20020000                _estack = __stack
                0x00000400                __Main_Stack_Size = 0x400
                [!provide]                PROVIDE (_Main_Stack_Size, __Main_Stack_Size)
                0x2001fc00                __Main_Stack_Limit = (__stack - __Main_Stack_Size)
                [!provide]                PROVIDE (_Main_Stack_Limit, __Main_Stack_Limit)
                0x00000100                _Minimum_Stack_Size = 0x100
                0x2000027c                PROVIDE (_Heap_Begin, _end_noinit)
                0x2001fc00                PROVIDE (_Heap_Limit, (__stack - __Main_Stack_Size))

.isr_vector     0x08000000      0x3ec
 FILL mask 0xff
                0x08000000                __vectors_start = ABSOLUTE (.)
                0x08000000                __vectors_start__ = ABSOLUTE (.)
 *(.isr_vector)
 .isr_vector    0x08000000      0x188 ./system/src/cmsis/vectors_stm32f407xx.o
                0x08000000                __isr_vectors
 *(.cfmconfig)
 *(.after_vectors .after_vectors.*)
 .after_vectors
                0x08000188      0x130 ./system/src/newlib/_startup.o
                0x08000188                _start
 .after_vectors
                0x080002b8      0x130 ./system/src/cortexm/exception_handlers.o
                0x080002b8                Reset_Handler
                0x080002c0                NMI_Handler
                0x080002c4                HardFault_Handler
                0x080002d8                HardFault_Handler_C
                0x08000338                MemManage_Handler
                0x0800033c                BusFault_Handler
                0x08000350                BusFault_Handler_C
                0x08000384                UsageFault_Handler
                0x08000398                UsageFault_Handler_C
                0x080003cc                SVC_Handler
                0x080003d0                DebugMon_Handler
                0x080003d4                PendSV_Handler
 .after_vectors
                0x080003e8        0x4 ./system/src/cmsis/vectors_stm32f407xx.o
                0x080003e8                RTC_Alarm_IRQHandler
                0x080003e8                HASH_RNG_IRQHandler
                0x080003e8                EXTI2_IRQHandler
                0x080003e8                TIM8_CC_IRQHandler
                0x080003e8                TIM1_CC_IRQHandler
                0x080003e8                DMA2_Stream5_IRQHandler
                0x080003e8                DMA1_Stream5_IRQHandler
                0x080003e8                PVD_IRQHandler
                0x080003e8                SDIO_IRQHandler
                0x080003e8                TAMP_STAMP_IRQHandler
                0x080003e8                CAN2_RX1_IRQHandler
                0x080003e8                EXTI3_IRQHandler
                0x080003e8                TIM8_TRG_COM_TIM14_IRQHandler
                0x080003e8                TIM1_UP_TIM10_IRQHandler
                0x080003e8                TIM8_UP_TIM13_IRQHandler
                0x080003e8                I2C3_ER_IRQHandler
                0x080003e8                EXTI0_IRQHandler
                0x080003e8                I2C2_EV_IRQHandler
                0x080003e8                DMA1_Stream2_IRQHandler
                0x080003e8                CAN1_RX0_IRQHandler
                0x080003e8                FPU_IRQHandler
                0x080003e8                OTG_HS_WKUP_IRQHandler
                0x080003e8                CAN2_SCE_IRQHandler
                0x080003e8                DMA2_Stream2_IRQHandler
                0x080003e8                SPI1_IRQHandler
                0x080003e8                TIM6_DAC_IRQHandler
                0x080003e8                TIM1_BRK_TIM9_IRQHandler
                0x080003e8                DCMI_IRQHandler
                0x080003e8                CAN2_RX0_IRQHandler
                0x080003e8                DMA2_Stream3_IRQHandler
                0x080003e8                USART6_IRQHandler
                0x080003e8                USART3_IRQHandler
                0x080003e8                CAN1_RX1_IRQHandler
                0x080003e8                UART5_IRQHandler
                0x080003e8                DMA2_Stream0_IRQHandler
                0x080003e8                TIM4_IRQHandler
                0x080003e8                I2C1_EV_IRQHandler
                0x080003e8                DMA1_Stream6_IRQHandler
                0x080003e8                DMA1_Stream1_IRQHandler
                0x080003e8                UART4_IRQHandler
                0x080003e8                TIM3_IRQHandler
                0x080003e8                RCC_IRQHandler
                0x080003e8                TIM8_BRK_TIM12_IRQHandler
                0x080003e8                Default_Handler
                0x080003e8                EXTI15_10_IRQHandler
                0x080003e8                ADC_IRQHandler
                0x080003e8                DMA1_Stream7_IRQHandler
                0x080003e8                TIM7_IRQHandler
                0x080003e8                CAN2_TX_IRQHandler
                0x080003e8                TIM5_IRQHandler
                0x080003e8                DMA2_Stream7_IRQHandler
                0x080003e8                I2C3_EV_IRQHandler
                0x080003e8                EXTI9_5_IRQHandler
                0x080003e8                RTC_WKUP_IRQHandler
                0x080003e8                ETH_WKUP_IRQHandler
                0x080003e8                SPI2_IRQHandler
                0x080003e8                OTG_HS_EP1_IN_IRQHandler
                0x080003e8                DMA1_Stream0_IRQHandler
                0x080003e8                CAN1_TX_IRQHandler
                0x080003e8                EXTI4_IRQHandler
                0x080003e8                ETH_IRQHandler
                0x080003e8                OTG_HS_EP1_OUT_IRQHandler
                0x080003e8                WWDG_IRQHandler
                0x080003e8                TIM2_IRQHandler
                0x080003e8                OTG_FS_WKUP_IRQHandler
                0x080003e8                TIM1_TRG_COM_TIM11_IRQHandler
                0x080003e8                OTG_HS_IRQHandler
                0x080003e8                EXTI1_IRQHandler
                0x080003e8                USART2_IRQHandler
                0x080003e8                I2C2_ER_IRQHandler
                0x080003e8                DMA2_Stream1_IRQHandler
                0x080003e8                CAN1_SCE_IRQHandler
                0x080003e8                FLASH_IRQHandler
                0x080003e8                DMA2_Stream4_IRQHandler
                0x080003e8                USART1_IRQHandler
                0x080003e8                OTG_FS_IRQHandler
                0x080003e8                SPI3_IRQHandler
                0x080003e8                DMA1_Stream4_IRQHandler
                0x080003e8                I2C1_ER_IRQHandler
                0x080003e8                FMC_IRQHandler
                0x080003e8                DMA2_Stream6_IRQHandler
                0x080003e8                DMA1_Stream3_IRQHandler

.inits          0x080003ec       0x2c
                0x080003ec                __data_regions_array_start = .
                0x080003ec        0x4 LONG 0x8003a7c LOADADDR (.data)
                0x080003f0        0x4 LONG 0x20000000 ADDR (.data)
                0x080003f4        0x4 LONG 0x20000078 (ADDR (.data) + SIZEOF (.data))
                0x080003f8        0x4 LONG 0x8003a7c LOADADDR (.data_CCMRAM)
                0x080003fc        0x4 LONG 0x10000000 ADDR (.data_CCMRAM)
                0x08000400        0x4 LONG 0x10000000 (ADDR (.data_CCMRAM) + SIZEOF (.data_CCMRAM))
                0x08000404                __data_regions_array_end = .
                0x08000404                __bss_regions_array_start = .
                0x08000404        0x4 LONG 0x20000078 ADDR (.bss)
                0x08000408        0x4 LONG 0x2000027c (ADDR (.bss) + SIZEOF (.bss))
                0x0800040c        0x4 LONG 0x10000000 ADDR (.bss_CCMRAM)
                0x08000410        0x4 LONG 0x10000000 (ADDR (.bss_CCMRAM) + SIZEOF (.bss_CCMRAM))
                0x08000414                __bss_regions_array_end = .
 *(.init)
 *(.fini)
                0x08000414                . = ALIGN (0x4)
                0x08000414                PROVIDE (__preinit_array_start, .)
 *(.preinit_array_sysinit .preinit_array_sysinit.*)
 *(.preinit_array_platform .preinit_array_platform.*)
 *(.preinit_array .preinit_array.*)
                0x08000414                PROVIDE (__preinit_array_end, .)
                0x08000414                . = ALIGN (0x4)
                0x08000414                PROVIDE (__init_array_start, .)
 *(SORT(.init_array.*))
 *(.init_array)
 .init_array    0x08000414        0x4 ./src/main.o
                0x08000418                PROVIDE (__init_array_end, .)
                0x08000418                . = ALIGN (0x4)
                0x08000418                PROVIDE (__fini_array_start, .)
 *(SORT(.fini_array.*))
 *(.fini_array)
                0x08000418                PROVIDE (__fini_array_end, .)

.flashtext
 *(.flashtext .flashtext.*)

.text           0x08000420     0x365b
 *(.text .text.*)
 .text.HAL_InitTick
                0x08000420       0x28 ./system/src/stm32f4-hal/stm32f4xx_hal.o
                0x08000420                HAL_InitTick
 .text.HAL_Init
                0x08000448       0x34 ./system/src/stm32f4-hal/stm32f4xx_hal.o
                0x08000448                HAL_Init
 .text.HAL_IncTick
                0x0800047c       0x10 ./system/src/stm32f4-hal/stm32f4xx_hal.o
                0x0800047c                HAL_IncTick
 .text.HAL_GetTick
                0x0800048c        0xc ./system/src/stm32f4-hal/stm32f4xx_hal.o
                0x0800048c                HAL_GetTick
 .text.HAL_NVIC_SetPriorityGrouping
                0x08000498       0x3c ./system/src/stm32f4-hal/stm32f4xx_hal_cortex.o
                0x08000498                HAL_NVIC_SetPriorityGrouping
 .text.HAL_NVIC_SetPriority
                0x080004d4       0x84 ./system/src/stm32f4-hal/stm32f4xx_hal_cortex.o
                0x080004d4                HAL_NVIC_SetPriority
 .text.HAL_SYSTICK_Config
                0x08000558       0x2c ./system/src/stm32f4-hal/stm32f4xx_hal_cortex.o
                0x08000558                HAL_SYSTICK_Config
 .text.HAL_SYSTICK_CLKSourceConfig
                0x08000584       0x38 ./system/src/stm32f4-hal/stm32f4xx_hal_cortex.o
                0x08000584                HAL_SYSTICK_CLKSourceConfig
 .text.HAL_GPIO_Init
                0x080005bc      0x330 ./system/src/stm32f4-hal/stm32f4xx_hal_gpio.o
                0x080005bc                HAL_GPIO_Init
 .text.HAL_RCC_OscConfig
                0x080008ec      0x448 ./system/src/stm32f4-hal/stm32f4xx_hal_rcc.o
                0x080008ec                HAL_RCC_OscConfig
 .text.HAL_RCC_ClockConfig
                0x08000d34      0x22c ./system/src/stm32f4-hal/stm32f4xx_hal_rcc.o
                0x08000d34                HAL_RCC_ClockConfig
 .text.HAL_RCC_GetSysClockFreq
                0x08000f60       0xa0 ./system/src/stm32f4-hal/stm32f4xx_hal_rcc.o
                0x08000f60                HAL_RCC_GetSysClockFreq
 .text.HAL_RCC_GetHCLKFreq
                0x08001000       0x34 ./system/src/stm32f4-hal/stm32f4xx_hal_rcc.o
                0x08001000                HAL_RCC_GetHCLKFreq
 .text.abort    0x08001034       0x14 ./system/src/newlib/_exit.o
                0x08001034                abort
 .text._sbrk    0x08001048       0x44 ./system/src/newlib/_sbrk.o
                0x08001048                _sbrk
 .text.get_errno
                0x0800108c       0x14 ./system/src/newlib/_syscalls.o
 .text.error    0x080010a0       0x14 ./system/src/newlib/_syscalls.o
 .text.checkerror
                0x080010b4       0x10 ./system/src/newlib/_syscalls.o
 .text.findslot
                0x080010c4       0x3c ./system/src/newlib/_syscalls.o
 .text._exit    0x08001100       0x20 ./system/src/newlib/_syscalls.o
                0x08001100                _exit
 .text.initialise_monitor_handles
                0x08001120       0xa8 ./system/src/newlib/_syscalls.o
                0x08001120                initialise_monitor_handles
 .text.__initialize_args
                0x080011c8       0xe0 ./system/src/newlib/_syscalls.o
                0x080011c8                __initialize_args
 .text._swiread
                0x080012a8       0x20 ./system/src/newlib/_syscalls.o
                0x080012a8                _swiread
 .text._read    0x080012c8       0x38 ./system/src/newlib/_syscalls.o
                0x080012c8                _read
 .text._swilseek
                0x08001300       0xbc ./system/src/newlib/_syscalls.o
                0x08001300                _swilseek
 .text._lseek   0x080013bc        0x8 ./system/src/newlib/_syscalls.o
                0x080013bc                _lseek
 .text._swiwrite
                0x080013c4       0x20 ./system/src/newlib/_syscalls.o
                0x080013c4                _swiwrite
 .text._write   0x080013e4       0x44 ./system/src/newlib/_syscalls.o
                0x080013e4                _write
 .text._swiclose
                0x08001428       0x20 ./system/src/newlib/_syscalls.o
                0x08001428                _swiclose
 .text._close   0x08001448       0x4c ./system/src/newlib/_syscalls.o
                0x08001448                _close
 .text._swistat
                0x08001494       0x4c ./system/src/newlib/_syscalls.o
                0x08001494                _swistat
 .text._fstat   0x080014e0       0x1c ./system/src/newlib/_syscalls.o
                0x080014e0                _fstat
 .text._isatty  0x080014fc       0x38 ./system/src/newlib/_syscalls.o
                0x080014fc                _isatty
 .text.assert_failed
                0x08001534       0x14 ./system/src/newlib/assert.o
                0x08001534                assert_failed
 .text.trace_printf
                0x08001548       0x30 ./system/src/diag/Trace.o
                0x08001548                trace_printf
 .text.trace_puts
                0x08001578       0x20 ./system/src/diag/Trace.o
                0x08001578                trace_puts
 .text.trace_dump_args
                0x08001598       0x44 ./system/src/diag/Trace.o
                0x08001598                trace_dump_args
 .text._trace_write_semihosting_debug
                0x080015dc       0x64 ./system/src/diag/trace_impl.o
 .text.trace_write
                0x08001640        0x8 ./system/src/diag/trace_impl.o
                0x08001640                trace_write
 .text.__initialize_hardware_early
                0x08001648       0x18 ./system/src/cortexm/_initialize_hardware.o
                0x08001648                __initialize_hardware_early
 .text.dumpExceptionStack
                0x08001660       0xf0 ./system/src/cortexm/exception_handlers.o
                0x08001660                dumpExceptionStack
 .text.isSemihosting
                0x08001750      0x100 ./system/src/cortexm/exception_handlers.o
                0x08001750                isSemihosting
 .text.SystemInit
                0x08001850       0x40 ./system/src/cmsis/system_stm32f4xx.o
                0x08001850                SystemInit
 .text.SystemCoreClockUpdate
                0x08001890       0xa0 ./system/src/cmsis/system_stm32f4xx.o
                0x08001890                SystemCoreClockUpdate
 .text._ZN8BlinkLedC2Ejjb
                0x08001930       0x14 ./src/BlinkLed.o
                0x08001930                BlinkLed::BlinkLed(unsigned int, unsigned int, bool)
                0x08001930                BlinkLed::BlinkLed(unsigned int, unsigned int, bool)
 .text._ZN8BlinkLed6turnOnEv
                0x08001944       0x2c ./src/BlinkLed.o
                0x08001944                BlinkLed::turnOn()
 .text._ZN8BlinkLed7turnOffEv
                0x08001970       0x2c ./src/BlinkLed.o
                0x08001970                BlinkLed::turnOff()
 .text._ZN8BlinkLed7powerUpEv
                0x0800199c       0x40 ./src/BlinkLed.o
                0x0800199c                BlinkLed::powerUp()
 .text._ZN8BlinkLed6toggleEv
                0x080019dc       0x24 ./src/BlinkLed.o
                0x080019dc                BlinkLed::toggle()
 .text._ZN8BlinkLed4isOnEv
                0x08001a00       0x34 ./src/BlinkLed.o
                0x08001a00                BlinkLed::isOn()
 .text._ZN5Timer5sleepEm
                0x08001a34       0x14 ./src/Timer.o
                0x08001a34                Timer::sleep(unsigned long)
 .text.SysTick_Handler
                0x08001a48       0x1c ./src/Timer.o
                0x08001a48                SysTick_Handler
 .text.SystemClock_Config
                0x08001a64       0x9c ./src/_initialize_hardware.o
                0x08001a64                SystemClock_Config
 .text.__initialize_hardware
                0x08001b00       0x10 ./src/_initialize_hardware.o
                0x08001b00                __initialize_hardware
 .text._Z9FieldMulthh
                0x08001b10       0x38 ./src/led-bytes.o
                0x08001b10                FieldMult(unsigned char, unsigned char)
 .text._Z6AddKeyPA4_hPhi
                0x08001b48       0x48 ./src/led-bytes.o
                0x08001b48                AddKey(unsigned char (*) [4], unsigned char*, int)
 .text._Z12AddConstantsPA4_hi
                0x08001b90       0x90 ./src/led-bytes.o
                0x08001b90                AddConstants(unsigned char (*) [4], int)
 .text._Z7SubCellPA4_h
                0x08001c20       0x2c ./src/led-bytes.o
                0x08001c20                SubCell(unsigned char (*) [4])
 .text._Z8ShiftRowPA4_h
                0x08001c4c       0x58 ./src/led-bytes.o
                0x08001c4c                ShiftRow(unsigned char (*) [4])
 .text._Z9MixColumnPA4_h
                0x08001ca4       0x68 ./src/led-bytes.o
                0x08001ca4                MixColumn(unsigned char (*) [4])
 .text._Z7LED_encPhPKhi
                0x08001d0c      0x16c ./src/led-bytes.o
                0x08001d0c                LED_enc(unsigned char*, unsigned char const*, int)
 .text._Z11TestVectorsi
                0x08001e78      0x19c ./src/led-bytes.o
                0x08001e78                TestVectors(int)
 .text._Z41__static_initialization_and_destruction_0ii
                0x08002014       0x50 ./src/main.o
 .text.main     0x08002064      0x190 ./src/main.o
                0x08002064                main
 .text._GLOBAL__sub_I_blinkLeds
                0x080021f4       0x10 ./src/main.o
 .text.HAL_MspInit
                0x08002204        0x4 ./src/stm32f4xx_hal_msp.o
                0x08002204                HAL_MspInit
 .text.atoi     0x08002208        0x8 /usr/local/gcc-arm-none-eabi-5_2-2015q4/bin/../lib/gcc/arm-none-eabi/5.2.1/../../../../arm-none-eabi/lib/armv7e-m/libg_nano.a(lib_a-atoi.o)
                0x08002208                atoi
 .text.__errno  0x08002210        0xc /usr/local/gcc-arm-none-eabi-5_2-2015q4/bin/../lib/gcc/arm-none-eabi/5.2.1/../../../../arm-none-eabi/lib/armv7e-m/libg_nano.a(lib_a-errno.o)
                0x08002210                __errno
 .text._cleanup_r
                0x0800221c        0xc /usr/local/gcc-arm-none-eabi-5_2-2015q4/bin/../lib/gcc/arm-none-eabi/5.2.1/../../../../arm-none-eabi/lib/armv7e-m/libg_nano.a(lib_a-findfp.o)
                0x0800221c                _cleanup_r
 .text.std.isra.0
                0x08002228       0x48 /usr/local/gcc-arm-none-eabi-5_2-2015q4/bin/../lib/gcc/arm-none-eabi/5.2.1/../../../../arm-none-eabi/lib/armv7e-m/libg_nano.a(lib_a-findfp.o)
 .text.__sfmoreglue
                0x08002270       0x2c /usr/local/gcc-arm-none-eabi-5_2-2015q4/bin/../lib/gcc/arm-none-eabi/5.2.1/../../../../arm-none-eabi/lib/armv7e-m/libg_nano.a(lib_a-findfp.o)
                0x08002270                __sfmoreglue
 .text.__sinit  0x0800229c       0x60 /usr/local/gcc-arm-none-eabi-5_2-2015q4/bin/../lib/gcc/arm-none-eabi/5.2.1/../../../../arm-none-eabi/lib/armv7e-m/libg_nano.a(lib_a-findfp.o)
                0x0800229c                __sinit
 .text.__sfp    0x080022fc       0x78 /usr/local/gcc-arm-none-eabi-5_2-2015q4/bin/../lib/gcc/arm-none-eabi/5.2.1/../../../../arm-none-eabi/lib/armv7e-m/libg_nano.a(lib_a-findfp.o)
                0x080022fc                __sfp
 .text._fwalk_reent
                0x08002374       0x3c /usr/local/gcc-arm-none-eabi-5_2-2015q4/bin/../lib/gcc/arm-none-eabi/5.2.1/../../../../arm-none-eabi/lib/armv7e-m/libg_nano.a(lib_a-fwalk.o)
                0x08002374                _fwalk_reent
 .text._fwrite_r
                0x080023b0       0xb4 /usr/local/gcc-arm-none-eabi-5_2-2015q4/bin/../lib/gcc/arm-none-eabi/5.2.1/../../../../arm-none-eabi/lib/armv7e-m/libg_nano.a(lib_a-fwrite.o)
                0x080023b0                _fwrite_r
 .text.fwrite   0x08002464       0x1c /usr/local/gcc-arm-none-eabi-5_2-2015q4/bin/../lib/gcc/arm-none-eabi/5.2.1/../../../../arm-none-eabi/lib/armv7e-m/libg_nano.a(lib_a-fwrite.o)
                0x08002464                fwrite
 .text.memset   0x08002480       0x10 /usr/local/gcc-arm-none-eabi-5_2-2015q4/bin/../lib/gcc/arm-none-eabi/5.2.1/../../../../arm-none-eabi/lib/armv7e-m/libg_nano.a(lib_a-memset.o)
                0x08002480                memset
 .text._malloc_r
                0x08002490       0xa8 /usr/local/gcc-arm-none-eabi-5_2-2015q4/bin/../lib/gcc/arm-none-eabi/5.2.1/../../../../arm-none-eabi/lib/armv7e-m/libg_nano.a(lib_a-nano-mallocr.o)
                0x08002490                _malloc_r
 .text._puts_r  0x08002538       0xf0 /usr/local/gcc-arm-none-eabi-5_2-2015q4/bin/../lib/gcc/arm-none-eabi/5.2.1/../../../../arm-none-eabi/lib/armv7e-m/libg_nano.a(lib_a-puts.o)
                0x08002538                _puts_r
 .text.puts     0x08002628       0x10 /usr/local/gcc-arm-none-eabi-5_2-2015q4/bin/../lib/gcc/arm-none-eabi/5.2.1/../../../../arm-none-eabi/lib/armv7e-m/libg_nano.a(lib_a-puts.o)
                0x08002628                puts
 .text.rand     0x08002638       0x74 /usr/local/gcc-arm-none-eabi-5_2-2015q4/bin/../lib/gcc/arm-none-eabi/5.2.1/../../../../arm-none-eabi/lib/armv7e-m/libg_nano.a(lib_a-rand.o)
                0x08002638                rand
 .text._sbrk_r  0x080026ac       0x20 /usr/local/gcc-arm-none-eabi-5_2-2015q4/bin/../lib/gcc/arm-none-eabi/5.2.1/../../../../arm-none-eabi/lib/armv7e-m/libg_nano.a(lib_a-sbrkr.o)
                0x080026ac                _sbrk_r
 .text.__sread  0x080026cc       0x22 /usr/local/gcc-arm-none-eabi-5_2-2015q4/bin/../lib/gcc/arm-none-eabi/5.2.1/../../../../arm-none-eabi/lib/armv7e-m/libg_nano.a(lib_a-stdio.o)
                0x080026cc                __sread
 .text.__swrite
                0x080026ee       0x38 /usr/local/gcc-arm-none-eabi-5_2-2015q4/bin/../lib/gcc/arm-none-eabi/5.2.1/../../../../arm-none-eabi/lib/armv7e-m/libg_nano.a(lib_a-stdio.o)
                0x080026ee                __swrite
 .text.__sseek  0x08002726       0x24 /usr/local/gcc-arm-none-eabi-5_2-2015q4/bin/../lib/gcc/arm-none-eabi/5.2.1/../../../../arm-none-eabi/lib/armv7e-m/libg_nano.a(lib_a-stdio.o)
                0x08002726                __sseek
 .text.__sclose
                0x0800274a        0x8 /usr/local/gcc-arm-none-eabi-5_2-2015q4/bin/../lib/gcc/arm-none-eabi/5.2.1/../../../../arm-none-eabi/lib/armv7e-m/libg_nano.a(lib_a-stdio.o)
                0x0800274a                __sclose
 .text          0x08002752       0x14 /usr/local/gcc-arm-none-eabi-5_2-2015q4/bin/../lib/gcc/arm-none-eabi/5.2.1/../../../../arm-none-eabi/lib/armv7e-m/libg_nano.a(lib_a-strcmp.o)
                0x08002752                strcmp
 .text          0x08002766       0x10 /usr/local/gcc-arm-none-eabi-5_2-2015q4/bin/../lib/gcc/arm-none-eabi/5.2.1/../../../../arm-none-eabi/lib/armv7e-m/libg_nano.a(lib_a-strlen.o)
                0x08002766                strlen
 *fill*         0x08002776        0x2 
 .text._strtol_r
                0x08002778      0x10c /usr/local/gcc-arm-none-eabi-5_2-2015q4/bin/../lib/gcc/arm-none-eabi/5.2.1/../../../../arm-none-eabi/lib/armv7e-m/libg_nano.a(lib_a-strtol.o)
                0x08002778                _strtol_r
 .text.strtol   0x08002884       0x14 /usr/local/gcc-arm-none-eabi-5_2-2015q4/bin/../lib/gcc/arm-none-eabi/5.2.1/../../../../arm-none-eabi/lib/armv7e-m/libg_nano.a(lib_a-strtol.o)
                0x08002884                strtol
 .text._vsnprintf_r
                0x08002898       0x56 /usr/local/gcc-arm-none-eabi-5_2-2015q4/bin/../lib/gcc/arm-none-eabi/5.2.1/../../../../arm-none-eabi/lib/armv7e-m/libg_nano.a(lib_a-vsnprintf.o)
                0x08002898                _vsnprintf_r
                0x08002898                _vsniprintf_r
 *fill*         0x080028ee        0x2 
 .text.vsnprintf
                0x080028f0       0x1c /usr/local/gcc-arm-none-eabi-5_2-2015q4/bin/../lib/gcc/arm-none-eabi/5.2.1/../../../../arm-none-eabi/lib/armv7e-m/libg_nano.a(lib_a-vsnprintf.o)
                0x080028f0                vsnprintf
                0x080028f0                vsniprintf
 .text.__swbuf_r
                0x0800290c       0xa8 /usr/local/gcc-arm-none-eabi-5_2-2015q4/bin/../lib/gcc/arm-none-eabi/5.2.1/../../../../arm-none-eabi/lib/armv7e-m/libg_nano.a(lib_a-wbuf.o)
                0x0800290c                __swbuf_r
 .text._write_r
                0x080029b4       0x24 /usr/local/gcc-arm-none-eabi-5_2-2015q4/bin/../lib/gcc/arm-none-eabi/5.2.1/../../../../arm-none-eabi/lib/armv7e-m/libg_nano.a(lib_a-writer.o)
                0x080029b4                _write_r
 .text.__swsetup_r
                0x080029d8       0xd8 /usr/local/gcc-arm-none-eabi-5_2-2015q4/bin/../lib/gcc/arm-none-eabi/5.2.1/../../../../arm-none-eabi/lib/armv7e-m/libg_nano.a(lib_a-wsetup.o)
                0x080029d8                __swsetup_r
 .text._close_r
                0x08002ab0       0x20 /usr/local/gcc-arm-none-eabi-5_2-2015q4/bin/../lib/gcc/arm-none-eabi/5.2.1/../../../../arm-none-eabi/lib/armv7e-m/libg_nano.a(lib_a-closer.o)
                0x08002ab0                _close_r
 .text.__sflush_r
                0x08002ad0      0x110 /usr/local/gcc-arm-none-eabi-5_2-2015q4/bin/../lib/gcc/arm-none-eabi/5.2.1/../../../../arm-none-eabi/lib/armv7e-m/libg_nano.a(lib_a-fflush.o)
                0x08002ad0                __sflush_r
 .text._fflush_r
                0x08002be0       0x54 /usr/local/gcc-arm-none-eabi-5_2-2015q4/bin/../lib/gcc/arm-none-eabi/5.2.1/../../../../arm-none-eabi/lib/armv7e-m/libg_nano.a(lib_a-fflush.o)
                0x08002be0                _fflush_r
 .text._lseek_r
                0x08002c34       0x24 /usr/local/gcc-arm-none-eabi-5_2-2015q4/bin/../lib/gcc/arm-none-eabi/5.2.1/../../../../arm-none-eabi/lib/armv7e-m/libg_nano.a(lib_a-lseekr.o)
                0x08002c34                _lseek_r
 .text.__smakebuf_r
                0x08002c58       0x9c /usr/local/gcc-arm-none-eabi-5_2-2015q4/bin/../lib/gcc/arm-none-eabi/5.2.1/../../../../arm-none-eabi/lib/armv7e-m/libg_nano.a(lib_a-makebuf.o)
                0x08002c58                __smakebuf_r
 .text.malloc   0x08002cf4       0x10 /usr/local/gcc-arm-none-eabi-5_2-2015q4/bin/../lib/gcc/arm-none-eabi/5.2.1/../../../../arm-none-eabi/lib/armv7e-m/libg_nano.a(lib_a-malloc.o)
                0x08002cf4                malloc
 .text._free_r  0x08002d04       0x8c /usr/local/gcc-arm-none-eabi-5_2-2015q4/bin/../lib/gcc/arm-none-eabi/5.2.1/../../../../arm-none-eabi/lib/armv7e-m/libg_nano.a(lib_a-nano-freer.o)
                0x08002d04                _free_r
 .text.__ssputs_r
                0x08002d90       0xb2 /usr/local/gcc-arm-none-eabi-5_2-2015q4/bin/../lib/gcc/arm-none-eabi/5.2.1/../../../../arm-none-eabi/lib/armv7e-m/libg_nano.a(lib_a-nano-svfprintf.o)
                0x08002d90                __ssputs_r
 *fill*         0x08002e42        0x2 
 .text._svfprintf_r
                0x08002e44      0x1e8 /usr/local/gcc-arm-none-eabi-5_2-2015q4/bin/../lib/gcc/arm-none-eabi/5.2.1/../../../../arm-none-eabi/lib/armv7e-m/libg_nano.a(lib_a-nano-svfprintf.o)
                0x08002e44                _svfprintf_r
                0x08002e44                _svfiprintf_r
 .text._printf_common
                0x0800302c       0xec /usr/local/gcc-arm-none-eabi-5_2-2015q4/bin/../lib/gcc/arm-none-eabi/5.2.1/../../../../arm-none-eabi/lib/armv7e-m/libg_nano.a(lib_a-nano-vfprintf_i.o)
                0x0800302c                _printf_common
 .text._printf_i
                0x08003118      0x24c /usr/local/gcc-arm-none-eabi-5_2-2015q4/bin/../lib/gcc/arm-none-eabi/5.2.1/../../../../arm-none-eabi/lib/armv7e-m/libg_nano.a(lib_a-nano-vfprintf_i.o)
                0x08003118                _printf_i
 .text._read_r  0x08003364       0x24 /usr/local/gcc-arm-none-eabi-5_2-2015q4/bin/../lib/gcc/arm-none-eabi/5.2.1/../../../../arm-none-eabi/lib/armv7e-m/libg_nano.a(lib_a-readr.o)
                0x08003364                _read_r
 .text._fstat_r
                0x08003388       0x24 /usr/local/gcc-arm-none-eabi-5_2-2015q4/bin/../lib/gcc/arm-none-eabi/5.2.1/../../../../arm-none-eabi/lib/armv7e-m/libg_nano.a(lib_a-fstatr.o)
                0x08003388                _fstat_r
 .text._isatty_r
                0x080033ac       0x20 /usr/local/gcc-arm-none-eabi-5_2-2015q4/bin/../lib/gcc/arm-none-eabi/5.2.1/../../../../arm-none-eabi/lib/armv7e-m/libg_nano.a(lib_a-isattyr.o)
                0x080033ac                _isatty_r
 *fill*         0x080033cc        0x4 
 .text          0x080033d0       0xa0 /usr/local/gcc-arm-none-eabi-5_2-2015q4/bin/../lib/gcc/arm-none-eabi/5.2.1/../../../../arm-none-eabi/lib/armv7e-m/libg_nano.a(lib_a-memchr.o)
                0x080033d0                memchr
 .text.memcpy   0x08003470       0x16 /usr/local/gcc-arm-none-eabi-5_2-2015q4/bin/../lib/gcc/arm-none-eabi/5.2.1/../../../../arm-none-eabi/lib/armv7e-m/libg_nano.a(lib_a-memcpy-stub.o)
                0x08003470                memcpy
 .text.memmove  0x08003486       0x36 /usr/local/gcc-arm-none-eabi-5_2-2015q4/bin/../lib/gcc/arm-none-eabi/5.2.1/../../../../arm-none-eabi/lib/armv7e-m/libg_nano.a(lib_a-memmove.o)
                0x08003486                memmove
 .text._realloc_r
                0x080034bc       0x4c /usr/local/gcc-arm-none-eabi-5_2-2015q4/bin/../lib/gcc/arm-none-eabi/5.2.1/../../../../arm-none-eabi/lib/armv7e-m/libg_nano.a(lib_a-nano-reallocr.o)
                0x080034bc                _realloc_r
 .text._malloc_usable_size_r
                0x08003508       0x14 /usr/local/gcc-arm-none-eabi-5_2-2015q4/bin/../lib/gcc/arm-none-eabi/5.2.1/../../../../arm-none-eabi/lib/armv7e-m/libg_nano.a(lib_a-nano-msizer.o)
                0x08003508                _malloc_usable_size_r
 *(.rodata .rodata.* .constdata .constdata.*)
 .rodata.str1.4
                0x0800351c       0x31 ./system/src/stm32f4-hal/stm32f4xx_hal_cortex.o
 *fill*         0x0800354d        0x3 
 .rodata.str1.4
                0x08003550       0x2f ./system/src/stm32f4-hal/stm32f4xx_hal_gpio.o
 *fill*         0x0800357f        0x1 
 .rodata.APBAHBPrescTable
                0x08003580       0x10 ./system/src/stm32f4-hal/stm32f4xx_hal_rcc.o
                0x08003580                APBAHBPrescTable
 .rodata.str1.4
                0x08003590       0x2e ./system/src/stm32f4-hal/stm32f4xx_hal_rcc.o
 *fill*         0x080035be        0x2 
 .rodata.str1.4
                0x080035c0       0x14 ./system/src/newlib/_exit.o
 .rodata.str1.4
                0x080035d4        0x9 ./system/src/newlib/_syscalls.o
 *fill*         0x080035dd        0x3 
 .rodata.str1.4
                0x080035e0       0x6b ./system/src/newlib/assert.o
                                 0x6f (size before relaxing)
 *fill*         0x0800364b        0x1 
 .rodata.str1.4
                0x0800364c       0x29 ./system/src/diag/Trace.o
                                 0x2d (size before relaxing)
 *fill*         0x08003675        0x3 
 .rodata.str1.4
                0x08003678      0x146 ./system/src/cortexm/exception_handlers.o
                                0x14a (size before relaxing)
 *fill*         0x080037be        0x2 
 .rodata.AHBPrescTable
                0x080037c0       0x10 ./system/src/cmsis/system_stm32f4xx.o
                0x080037c0                AHBPrescTable
 .rodata        0x080037d0       0x30 ./src/led-bytes.o
 .rodata._ZL4sbox
                0x08003800       0x10 ./src/led-bytes.o
 .rodata.str1.4
                0x08003810       0x4b ./src/led-bytes.o
                                 0x4f (size before relaxing)
 *fill*         0x0800385b        0x1 
 .rodata._ZL12MixColMatrix
                0x0800385c       0x10 ./src/led-bytes.o
 .rodata.str1.4
                0x0800386c       0x70 ./src/main.o
                                 0x6f (size before relaxing)
 .rodata._ctype_
                0x080038dc      0x101 /usr/local/gcc-arm-none-eabi-5_2-2015q4/bin/../lib/gcc/arm-none-eabi/5.2.1/../../../../arm-none-eabi/lib/armv7e-m/libg_nano.a(lib_a-ctype_.o)
                0x080038dc                _ctype_
 *fill*         0x080039dd        0x3 
 .rodata.__sf_fake_stdin
                0x080039e0       0x20 /usr/local/gcc-arm-none-eabi-5_2-2015q4/bin/../lib/gcc/arm-none-eabi/5.2.1/../../../../arm-none-eabi/lib/armv7e-m/libg_nano.a(lib_a-findfp.o)
                0x080039e0                __sf_fake_stdin
 .rodata.__sf_fake_stdout
                0x08003a00       0x20 /usr/local/gcc-arm-none-eabi-5_2-2015q4/bin/../lib/gcc/arm-none-eabi/5.2.1/../../../../arm-none-eabi/lib/armv7e-m/libg_nano.a(lib_a-findfp.o)
                0x08003a00                __sf_fake_stdout
 .rodata.__sf_fake_stderr
                0x08003a20       0x20 /usr/local/gcc-arm-none-eabi-5_2-2015q4/bin/../lib/gcc/arm-none-eabi/5.2.1/../../../../arm-none-eabi/lib/armv7e-m/libg_nano.a(lib_a-findfp.o)
                0x08003a20                __sf_fake_stderr
 .rodata.str1.1
                0x08003a40        0x2 /usr/local/gcc-arm-none-eabi-5_2-2015q4/bin/../lib/gcc/arm-none-eabi/5.2.1/../../../../arm-none-eabi/lib/armv7e-m/libg_nano.a(lib_a-impure.o)
 *fill*         0x08003a42        0x2 
 .rodata._global_impure_ptr
                0x08003a44        0x4 /usr/local/gcc-arm-none-eabi-5_2-2015q4/bin/../lib/gcc/arm-none-eabi/5.2.1/../../../../arm-none-eabi/lib/armv7e-m/libg_nano.a(lib_a-impure.o)
                0x08003a44                _global_impure_ptr
 .rodata.str1.1
                0x08003a48       0x11 /usr/local/gcc-arm-none-eabi-5_2-2015q4/bin/../lib/gcc/arm-none-eabi/5.2.1/../../../../arm-none-eabi/lib/armv7e-m/libg_nano.a(lib_a-nano-svfprintf.o)
 .rodata.str1.1
                0x08003a59       0x22 /usr/local/gcc-arm-none-eabi-5_2-2015q4/bin/../lib/gcc/arm-none-eabi/5.2.1/../../../../arm-none-eabi/lib/armv7e-m/libg_nano.a(lib_a-nano-vfprintf_i.o)
 *(vtable)
 *(.eh_frame*)
 *(.glue_7)
 .glue_7        0x08003a7b        0x0 linker stubs
 *(.glue_7t)
 .glue_7t       0x08003a7b        0x0 linker stubs

.vfp11_veneer   0x08003a7c        0x0
 .vfp11_veneer  0x08003a7c        0x0 linker stubs

.v4_bx          0x08003a7c        0x0
 .v4_bx         0x08003a7c        0x0 linker stubs

.iplt           0x08003a7c        0x0
 .iplt          0x08003a7c        0x0 ./system/src/stm32f4-hal/stm32f4xx_hal.o

.rel.dyn        0x08003a7c        0x0
 .rel.iplt      0x08003a7c        0x0 ./system/src/stm32f4-hal/stm32f4xx_hal.o

.ARM.extab
 *(.ARM.extab* .gnu.linkonce.armextab.*)
                0x08003a7c                . = ALIGN (0x4)
                0x08003a7c                __exidx_start = .

.ARM.exidx
 *(.ARM.exidx* .gnu.linkonce.armexidx.*)
                0x08003a7c                __exidx_end = .
                0x08003a7c                . = ALIGN (0x4)
                0x08003a7c                _etext = .
                0x08003a7c                __etext = .

.data_CCMRAM    0x10000000        0x0 load address 0x08003a7c
 FILL mask 0xff
 *(.data.CCMRAM .data.CCMRAM.*)
                0x10000000                . = ALIGN (0x4)
                0x08003a7c                _sidata = LOADADDR (.data)

.data           0x20000000       0x78 load address 0x08003a7c
 FILL mask 0xff
                0x20000000                _sdata = .
                0x20000000                __data_start__ = .
 *(.data_begin .data_begin.*)
 .data_begin    0x20000000        0x4 ./system/src/newlib/_startup.o
 *(.data .data.*)
 .data.SystemCoreClock
                0x20000004        0x4 ./system/src/cmsis/system_stm32f4xx.o
                0x20000004                SystemCoreClock
 .data.LED      0x20000008        0x4 ./src/led-bytes.o
                0x20000008                LED
 .data.__ctype_ptr__
                0x2000000c        0x4 /usr/local/gcc-arm-none-eabi-5_2-2015q4/bin/../lib/gcc/arm-none-eabi/5.2.1/../../../../arm-none-eabi/lib/armv7e-m/libg_nano.a(lib_a-ctype_.o)
                0x2000000c                __ctype_ptr__
 .data.impure_data
                0x20000010       0x60 /usr/local/gcc-arm-none-eabi-5_2-2015q4/bin/../lib/gcc/arm-none-eabi/5.2.1/../../../../arm-none-eabi/lib/armv7e-m/libg_nano.a(lib_a-impure.o)
 .data._impure_ptr
                0x20000070        0x4 /usr/local/gcc-arm-none-eabi-5_2-2015q4/bin/../lib/gcc/arm-none-eabi/5.2.1/../../../../arm-none-eabi/lib/armv7e-m/libg_nano.a(lib_a-impure.o)
                0x20000070                _impure_ptr
 *(.data_end .data_end.*)
 .data_end      0x20000074        0x4 ./system/src/newlib/_startup.o
                0x20000078                . = ALIGN (0x4)
                0x20000078                _edata = .
                0x20000078                __data_end__ = .

.igot.plt       0x20000078        0x0 load address 0x08003af4
 .igot.plt      0x20000078        0x0 ./system/src/stm32f4-hal/stm32f4xx_hal.o

.bss_CCMRAM     0x10000000        0x0
 *(.bss.CCMRAM .bss.CCMRAM.*)

.bss            0x20000078      0x204
                0x20000078                __bss_start__ = .
                0x20000078                _sbss = .
 *(.bss_begin .bss_begin.*)
 .bss_begin     0x20000078        0x4 ./system/src/newlib/_startup.o
 *(.bss .bss.*)
 .bss.current_heap_end.4422
                0x2000007c        0x4 ./system/src/newlib/_sbrk.o
 .bss.monitor_stdout
                0x20000080        0x4 ./system/src/newlib/_syscalls.o
 .bss.monitor_stdin
                0x20000084        0x4 ./system/src/newlib/_syscalls.o
 .bss.argv_buf.6129
                0x20000088       0x28 ./system/src/newlib/_syscalls.o
 .bss.args_buf.6128
                0x200000b0       0x50 ./system/src/newlib/_syscalls.o
 .bss.monitor_stderr
                0x20000100        0x4 ./system/src/newlib/_syscalls.o
 .bss.openfiles
                0x20000104       0xa0 ./system/src/newlib/_syscalls.o
 .bss.buf.5558  0x200001a4       0x80 ./system/src/diag/Trace.o
 .bss._ZN5Timer13ms_delayCountE
                0x20000224        0x4 ./src/Timer.o
                0x20000224                Timer::ms_delayCount
 .bss.blinkLeds
                0x20000228       0x40 ./src/main.o
                0x20000228                blinkLeds
 .bss.__malloc_sbrk_start
                0x20000268        0x4 /usr/local/gcc-arm-none-eabi-5_2-2015q4/bin/../lib/gcc/arm-none-eabi/5.2.1/../../../../arm-none-eabi/lib/armv7e-m/libg_nano.a(lib_a-nano-mallocr.o)
                0x20000268                __malloc_sbrk_start
 .bss.__malloc_free_list
                0x2000026c        0x4 /usr/local/gcc-arm-none-eabi-5_2-2015q4/bin/../lib/gcc/arm-none-eabi/5.2.1/../../../../arm-none-eabi/lib/armv7e-m/libg_nano.a(lib_a-nano-mallocr.o)
                0x2000026c                __malloc_free_list
 *(COMMON)
 COMMON         0x20000270        0x4 ./system/src/stm32f4-hal/stm32f4xx_hal.o
                0x20000270                uwTick
 COMMON         0x20000274        0x4 ./system/src/newlib/_syscalls.o
                0x20000274                errno
 *(.bss_end .bss_end.*)
 .bss_end       0x20000278        0x4 ./system/src/newlib/_startup.o
                0x2000027c                . = ALIGN (0x4)
                0x2000027c                __bss_end__ = .
                0x2000027c                _ebss = .

.noinit_CCMRAM
 *(.noinit.CCMRAM .noinit.CCMRAM.*)

.noinit         0x2000027c        0x0
                0x2000027c                _noinit = .
 *(.noinit .noinit.*)
                0x2000027c                . = ALIGN (0x4)
                0x2000027c                _end_noinit = .
                [!provide]                PROVIDE (end, _end_noinit)
                [!provide]                PROVIDE (_end, _end_noinit)
                [!provide]                PROVIDE (__end, _end_noinit)
                [!provide]                PROVIDE (__end__, _end_noinit)

._check_stack   0x2000027c      0x100
                0x2000037c                . = (. + _Minimum_Stack_Size)
 *fill*         0x2000027c      0x100 

.b1text
 *(.b1text)
 *(.b1rodata)
 *(.b1rodata.*)

.eb0text
 *(.eb0text)
 *(.eb0rodata)
 *(.eb0rodata.*)

.eb1text
 *(.eb1text)
 *(.eb1rodata)
 *(.eb1rodata.*)

.eb2text
 *(.eb2text)
 *(.eb2rodata)
 *(.eb2rodata.*)

.eb3text
 *(.eb3text)
 *(.eb3rodata)
 *(.eb3rodata.*)

.stab
 *(.stab)

.stabstr
 *(.stabstr)

.stab.excl
 *(.stab.excl)

.stab.exclstr
 *(.stab.exclstr)

.stab.index
 *(.stab.index)

.stab.indexstr
 *(.stab.indexstr)

.comment        0x00000000       0x6e
 *(.comment)
 .comment       0x00000000       0x6e ./system/src/stm32f4-hal/stm32f4xx_hal.o
                                 0x6f (size before relaxing)
 .comment       0x0000006e       0x6f ./system/src/stm32f4-hal/stm32f4xx_hal_cortex.o
 .comment       0x0000006e       0x6f ./system/src/stm32f4-hal/stm32f4xx_hal_gpio.o
 .comment       0x0000006e       0x6f ./system/src/stm32f4-hal/stm32f4xx_hal_rcc.o
 .comment       0x0000006e       0x6f ./system/src/newlib/_exit.o
 .comment       0x0000006e       0x6f ./system/src/newlib/_sbrk.o
 .comment       0x0000006e       0x6f ./system/src/newlib/_startup.o
 .comment       0x0000006e       0x6f ./system/src/newlib/_syscalls.o
 .comment       0x0000006e       0x6f ./system/src/newlib/assert.o
 .comment       0x0000006e       0x6f ./system/src/diag/Trace.o
 .comment       0x0000006e       0x6f ./system/src/diag/trace_impl.o
 .comment       0x0000006e       0x6f ./system/src/cortexm/_initialize_hardware.o
 .comment       0x0000006e       0x6f ./system/src/cortexm/exception_handlers.o
 .comment       0x0000006e       0x6f ./system/src/cmsis/system_stm32f4xx.o
 .comment       0x0000006e       0x6f ./system/src/cmsis/vectors_stm32f407xx.o
 .comment       0x0000006e       0x6f ./src/BlinkLed.o
 .comment       0x0000006e       0x6f ./src/Timer.o
 .comment       0x0000006e       0x6f ./src/_initialize_hardware.o
 .comment       0x0000006e       0x6f ./src/led-bytes.o
 .comment       0x0000006e       0x6f ./src/main.o
 .comment       0x0000006e       0x6f ./src/stm32f4xx_hal_msp.o

.ARM.attributes
                0x00000000       0x31
 .ARM.attributes
                0x00000000       0x33 ./system/src/stm32f4-hal/stm32f4xx_hal.o
 .ARM.attributes
                0x00000033       0x33 ./system/src/stm32f4-hal/stm32f4xx_hal_cortex.o
 .ARM.attributes
                0x00000066       0x33 ./system/src/stm32f4-hal/stm32f4xx_hal_gpio.o
 .ARM.attributes
                0x00000099       0x33 ./system/src/stm32f4-hal/stm32f4xx_hal_rcc.o
 .ARM.attributes
                0x000000cc       0x33 ./system/src/newlib/_exit.o
 .ARM.attributes
                0x000000ff       0x33 ./system/src/newlib/_sbrk.o
 .ARM.attributes
                0x00000132       0x33 ./system/src/newlib/_startup.o
 .ARM.attributes
                0x00000165       0x33 ./system/src/newlib/_syscalls.o
 .ARM.attributes
                0x00000198       0x33 ./system/src/newlib/assert.o
 .ARM.attributes
                0x000001cb       0x33 ./system/src/diag/Trace.o
 .ARM.attributes
                0x000001fe       0x33 ./system/src/diag/trace_impl.o
 .ARM.attributes
                0x00000231       0x33 ./system/src/cortexm/_initialize_hardware.o
 .ARM.attributes
                0x00000264       0x33 ./system/src/cortexm/exception_handlers.o
 .ARM.attributes
                0x00000297       0x33 ./system/src/cmsis/system_stm32f4xx.o
 .ARM.attributes
                0x000002ca       0x33 ./system/src/cmsis/vectors_stm32f407xx.o
 .ARM.attributes
                0x000002fd       0x33 ./src/BlinkLed.o
 .ARM.attributes
                0x00000330       0x33 ./src/Timer.o
 .ARM.attributes
                0x00000363       0x33 ./src/_initialize_hardware.o
 .ARM.attributes
                0x00000396       0x33 ./src/led-bytes.o
 .ARM.attributes
                0x000003c9       0x33 ./src/main.o
 .ARM.attributes
                0x000003fc       0x33 ./src/stm32f4xx_hal_msp.o
 .ARM.attributes
                0x0000042f       0x2e /usr/local/gcc-arm-none-eabi-5_2-2015q4/bin/../lib/gcc/arm-none-eabi/5.2.1/../../../../arm-none-eabi/lib/armv7e-m/libg_nano.a(lib_a-atoi.o)
 .ARM.attributes
                0x0000045d       0x2e /usr/local/gcc-arm-none-eabi-5_2-2015q4/bin/../lib/gcc/arm-none-eabi/5.2.1/../../../../arm-none-eabi/lib/armv7e-m/libg_nano.a(lib_a-ctype_.o)
 .ARM.attributes
                0x0000048b       0x2e /usr/local/gcc-arm-none-eabi-5_2-2015q4/bin/../lib/gcc/arm-none-eabi/5.2.1/../../../../arm-none-eabi/lib/armv7e-m/libg_nano.a(lib_a-errno.o)
 .ARM.attributes
                0x000004b9       0x2e /usr/local/gcc-arm-none-eabi-5_2-2015q4/bin/../lib/gcc/arm-none-eabi/5.2.1/../../../../arm-none-eabi/lib/armv7e-m/libg_nano.a(lib_a-findfp.o)
 .ARM.attributes
                0x000004e7       0x2e /usr/local/gcc-arm-none-eabi-5_2-2015q4/bin/../lib/gcc/arm-none-eabi/5.2.1/../../../../arm-none-eabi/lib/armv7e-m/libg_nano.a(lib_a-fwalk.o)
 .ARM.attributes
                0x00000515       0x2e /usr/local/gcc-arm-none-eabi-5_2-2015q4/bin/../lib/gcc/arm-none-eabi/5.2.1/../../../../arm-none-eabi/lib/armv7e-m/libg_nano.a(lib_a-fwrite.o)
 .ARM.attributes
                0x00000543       0x2e /usr/local/gcc-arm-none-eabi-5_2-2015q4/bin/../lib/gcc/arm-none-eabi/5.2.1/../../../../arm-none-eabi/lib/armv7e-m/libg_nano.a(lib_a-impure.o)
 .ARM.attributes
                0x00000571       0x2e /usr/local/gcc-arm-none-eabi-5_2-2015q4/bin/../lib/gcc/arm-none-eabi/5.2.1/../../../../arm-none-eabi/lib/armv7e-m/libg_nano.a(lib_a-memset.o)
 .ARM.attributes
                0x0000059f       0x2e /usr/local/gcc-arm-none-eabi-5_2-2015q4/bin/../lib/gcc/arm-none-eabi/5.2.1/../../../../arm-none-eabi/lib/armv7e-m/libg_nano.a(lib_a-nano-mallocr.o)
 .ARM.attributes
                0x000005cd       0x2e /usr/local/gcc-arm-none-eabi-5_2-2015q4/bin/../lib/gcc/arm-none-eabi/5.2.1/../../../../arm-none-eabi/lib/armv7e-m/libg_nano.a(lib_a-puts.o)
 .ARM.attributes
                0x000005fb       0x2e /usr/local/gcc-arm-none-eabi-5_2-2015q4/bin/../lib/gcc/arm-none-eabi/5.2.1/../../../../arm-none-eabi/lib/armv7e-m/libg_nano.a(lib_a-rand.o)
 .ARM.attributes
                0x00000629       0x2e /usr/local/gcc-arm-none-eabi-5_2-2015q4/bin/../lib/gcc/arm-none-eabi/5.2.1/../../../../arm-none-eabi/lib/armv7e-m/libg_nano.a(lib_a-sbrkr.o)
 .ARM.attributes
                0x00000657       0x2e /usr/local/gcc-arm-none-eabi-5_2-2015q4/bin/../lib/gcc/arm-none-eabi/5.2.1/../../../../arm-none-eabi/lib/armv7e-m/libg_nano.a(lib_a-stdio.o)
 .ARM.attributes
                0x00000685       0x1c /usr/local/gcc-arm-none-eabi-5_2-2015q4/bin/../lib/gcc/arm-none-eabi/5.2.1/../../../../arm-none-eabi/lib/armv7e-m/libg_nano.a(lib_a-strcmp.o)
 .ARM.attributes
                0x000006a1       0x17 /usr/local/gcc-arm-none-eabi-5_2-2015q4/bin/../lib/gcc/arm-none-eabi/5.2.1/../../../../arm-none-eabi/lib/armv7e-m/libg_nano.a(lib_a-strlen.o)
 .ARM.attributes
                0x000006b8       0x2e /usr/local/gcc-arm-none-eabi-5_2-2015q4/bin/../lib/gcc/arm-none-eabi/5.2.1/../../../../arm-none-eabi/lib/armv7e-m/libg_nano.a(lib_a-strtol.o)
 .ARM.attributes
                0x000006e6       0x2e /usr/local/gcc-arm-none-eabi-5_2-2015q4/bin/../lib/gcc/arm-none-eabi/5.2.1/../../../../arm-none-eabi/lib/armv7e-m/libg_nano.a(lib_a-vsnprintf.o)
 .ARM.attributes
                0x00000714       0x2e /usr/local/gcc-arm-none-eabi-5_2-2015q4/bin/../lib/gcc/arm-none-eabi/5.2.1/../../../../arm-none-eabi/lib/armv7e-m/libg_nano.a(lib_a-wbuf.o)
 .ARM.attributes
                0x00000742       0x2e /usr/local/gcc-arm-none-eabi-5_2-2015q4/bin/../lib/gcc/arm-none-eabi/5.2.1/../../../../arm-none-eabi/lib/armv7e-m/libg_nano.a(lib_a-writer.o)
 .ARM.attributes
                0x00000770       0x2e /usr/local/gcc-arm-none-eabi-5_2-2015q4/bin/../lib/gcc/arm-none-eabi/5.2.1/../../../../arm-none-eabi/lib/armv7e-m/libg_nano.a(lib_a-wsetup.o)
 .ARM.attributes
                0x0000079e       0x2e /usr/local/gcc-arm-none-eabi-5_2-2015q4/bin/../lib/gcc/arm-none-eabi/5.2.1/../../../../arm-none-eabi/lib/armv7e-m/libg_nano.a(lib_a-closer.o)
 .ARM.attributes
                0x000007cc       0x2e /usr/local/gcc-arm-none-eabi-5_2-2015q4/bin/../lib/gcc/arm-none-eabi/5.2.1/../../../../arm-none-eabi/lib/armv7e-m/libg_nano.a(lib_a-fflush.o)
 .ARM.attributes
                0x000007fa       0x2e /usr/local/gcc-arm-none-eabi-5_2-2015q4/bin/../lib/gcc/arm-none-eabi/5.2.1/../../../../arm-none-eabi/lib/armv7e-m/libg_nano.a(lib_a-lseekr.o)
 .ARM.attributes
                0x00000828       0x2e /usr/local/gcc-arm-none-eabi-5_2-2015q4/bin/../lib/gcc/arm-none-eabi/5.2.1/../../../../arm-none-eabi/lib/armv7e-m/libg_nano.a(lib_a-makebuf.o)
 .ARM.attributes
                0x00000856       0x2e /usr/local/gcc-arm-none-eabi-5_2-2015q4/bin/../lib/gcc/arm-none-eabi/5.2.1/../../../../arm-none-eabi/lib/armv7e-m/libg_nano.a(lib_a-malloc.o)
 .ARM.attributes
                0x00000884       0x2e /usr/local/gcc-arm-none-eabi-5_2-2015q4/bin/../lib/gcc/arm-none-eabi/5.2.1/../../../../arm-none-eabi/lib/armv7e-m/libg_nano.a(lib_a-nano-freer.o)
 .ARM.attributes
                0x000008b2       0x2e /usr/local/gcc-arm-none-eabi-5_2-2015q4/bin/../lib/gcc/arm-none-eabi/5.2.1/../../../../arm-none-eabi/lib/armv7e-m/libg_nano.a(lib_a-nano-svfprintf.o)
 .ARM.attributes
                0x000008e0       0x2e /usr/local/gcc-arm-none-eabi-5_2-2015q4/bin/../lib/gcc/arm-none-eabi/5.2.1/../../../../arm-none-eabi/lib/armv7e-m/libg_nano.a(lib_a-nano-vfprintf_i.o)
 .ARM.attributes
                0x0000090e       0x2e /usr/local/gcc-arm-none-eabi-5_2-2015q4/bin/../lib/gcc/arm-none-eabi/5.2.1/../../../../arm-none-eabi/lib/armv7e-m/libg_nano.a(lib_a-readr.o)
 .ARM.attributes
                0x0000093c       0x2e /usr/local/gcc-arm-none-eabi-5_2-2015q4/bin/../lib/gcc/arm-none-eabi/5.2.1/../../../../arm-none-eabi/lib/armv7e-m/libg_nano.a(lib_a-fstatr.o)
 .ARM.attributes
                0x0000096a       0x2e /usr/local/gcc-arm-none-eabi-5_2-2015q4/bin/../lib/gcc/arm-none-eabi/5.2.1/../../../../arm-none-eabi/lib/armv7e-m/libg_nano.a(lib_a-isattyr.o)
 .ARM.attributes
                0x00000998       0x1c /usr/local/gcc-arm-none-eabi-5_2-2015q4/bin/../lib/gcc/arm-none-eabi/5.2.1/../../../../arm-none-eabi/lib/armv7e-m/libg_nano.a(lib_a-memchr.o)
 .ARM.attributes
                0x000009b4       0x2e /usr/local/gcc-arm-none-eabi-5_2-2015q4/bin/../lib/gcc/arm-none-eabi/5.2.1/../../../../arm-none-eabi/lib/armv7e-m/libg_nano.a(lib_a-memcpy-stub.o)
 .ARM.attributes
                0x000009e2       0x2e /usr/local/gcc-arm-none-eabi-5_2-2015q4/bin/../lib/gcc/arm-none-eabi/5.2.1/../../../../arm-none-eabi/lib/armv7e-m/libg_nano.a(lib_a-memmove.o)
 .ARM.attributes
                0x00000a10       0x2e /usr/local/gcc-arm-none-eabi-5_2-2015q4/bin/../lib/gcc/arm-none-eabi/5.2.1/../../../../arm-none-eabi/lib/armv7e-m/libg_nano.a(lib_a-nano-reallocr.o)
 .ARM.attributes
                0x00000a3e       0x2e /usr/local/gcc-arm-none-eabi-5_2-2015q4/bin/../lib/gcc/arm-none-eabi/5.2.1/../../../../arm-none-eabi/lib/armv7e-m/libg_nano.a(lib_a-nano-msizer.o)

.debug
 *(.debug)

.line
 *(.line)

.debug_srcinfo
 *(.debug_srcinfo)

.debug_sfnames
 *(.debug_sfnames)

.debug_aranges  0x00000000      0x6d0
 *(.debug_aranges)
 .debug_aranges
                0x00000000       0xc0 ./system/src/stm32f4-hal/stm32f4xx_hal.o
 .debug_aranges
                0x000000c0       0x98 ./system/src/stm32f4-hal/stm32f4xx_hal_cortex.o
 .debug_aranges
                0x00000158       0x58 ./system/src/stm32f4-hal/stm32f4xx_hal_gpio.o
 .debug_aranges
                0x000001b0       0x88 ./system/src/stm32f4-hal/stm32f4xx_hal_rcc.o
 .debug_aranges
                0x00000238       0x28 ./system/src/newlib/_exit.o
 .debug_aranges
                0x00000260       0x20 ./system/src/newlib/_sbrk.o
 .debug_aranges
                0x00000280       0x40 ./system/src/newlib/_startup.o
 .debug_aranges
                0x000002c0      0x120 ./system/src/newlib/_syscalls.o
 .debug_aranges
                0x000003e0       0x28 ./system/src/newlib/assert.o
 .debug_aranges
                0x00000408       0x38 ./system/src/diag/Trace.o
 .debug_aranges
                0x00000440       0x30 ./system/src/diag/trace_impl.o
 .debug_aranges
                0x00000470       0x28 ./system/src/cortexm/_initialize_hardware.o
 .debug_aranges
                0x00000498       0x90 ./system/src/cortexm/exception_handlers.o
 .debug_aranges
                0x00000528       0x28 ./system/src/cmsis/system_stm32f4xx.o
 .debug_aranges
                0x00000550       0x20 ./system/src/cmsis/vectors_stm32f407xx.o
 .debug_aranges
                0x00000570       0x48 ./src/BlinkLed.o
 .debug_aranges
                0x000005b8       0x28 ./src/Timer.o
 .debug_aranges
                0x000005e0       0x28 ./src/_initialize_hardware.o
 .debug_aranges
                0x00000608       0x60 ./src/led-bytes.o
 .debug_aranges
                0x00000668       0x30 ./src/main.o
 .debug_aranges
                0x00000698       0x38 ./src/stm32f4xx_hal_msp.o

.debug_pubnames
 *(.debug_pubnames)

.debug_info     0x00000000     0x9c01
 *(.debug_info .gnu.linkonce.wi.*)
 .debug_info    0x00000000      0x8f9 ./system/src/stm32f4-hal/stm32f4xx_hal.o
 .debug_info    0x000008f9     0x110b ./system/src/stm32f4-hal/stm32f4xx_hal_cortex.o
 .debug_info    0x00001a04      0x886 ./system/src/stm32f4-hal/stm32f4xx_hal_gpio.o
 .debug_info    0x0000228a      0xf59 ./system/src/stm32f4-hal/stm32f4xx_hal_rcc.o
 .debug_info    0x000031e3       0xef ./system/src/newlib/_exit.o
 .debug_info    0x000032d2      0x11f ./system/src/newlib/_sbrk.o
 .debug_info    0x000033f1      0x4fa ./system/src/newlib/_startup.o
 .debug_info    0x000038eb     0x1ebd ./system/src/newlib/_syscalls.o
 .debug_info    0x000057a8      0x1b9 ./system/src/newlib/assert.o
 .debug_info    0x00005961      0x2e7 ./system/src/diag/Trace.o
 .debug_info    0x00005c48      0x315 ./system/src/diag/trace_impl.o
 .debug_info    0x00005f5d      0x2cb ./system/src/cortexm/_initialize_hardware.o
 .debug_info    0x00006228      0x9a9 ./system/src/cortexm/exception_handlers.o
 .debug_info    0x00006bd1      0x4b0 ./system/src/cmsis/system_stm32f4xx.o
 .debug_info    0x00007081       0xd1 ./system/src/cmsis/vectors_stm32f407xx.o
 .debug_info    0x00007152      0x5d1 ./src/BlinkLed.o
 .debug_info    0x00007723      0x1e1 ./src/Timer.o
 .debug_info    0x00007904      0x50a ./src/_initialize_hardware.o
 .debug_info    0x00007e0e      0x7b6 ./src/led-bytes.o
 .debug_info    0x000085c4     0x154d ./src/main.o
 .debug_info    0x00009b11       0xf0 ./src/stm32f4xx_hal_msp.o

.debug_abbrev   0x00000000     0x259d
 *(.debug_abbrev)
 .debug_abbrev  0x00000000      0x224 ./system/src/stm32f4-hal/stm32f4xx_hal.o
 .debug_abbrev  0x00000224      0x324 ./system/src/stm32f4-hal/stm32f4xx_hal_cortex.o
 .debug_abbrev  0x00000548      0x204 ./system/src/stm32f4-hal/stm32f4xx_hal_gpio.o
 .debug_abbrev  0x0000074c      0x2b8 ./system/src/stm32f4-hal/stm32f4xx_hal_rcc.o
 .debug_abbrev  0x00000a04       0x8e ./system/src/newlib/_exit.o
 .debug_abbrev  0x00000a92       0xb9 ./system/src/newlib/_sbrk.o
 .debug_abbrev  0x00000b4b      0x1d4 ./system/src/newlib/_startup.o
 .debug_abbrev  0x00000d1f      0x41e ./system/src/newlib/_syscalls.o
 .debug_abbrev  0x0000113d       0xab ./system/src/newlib/assert.o
 .debug_abbrev  0x000011e8      0x156 ./system/src/diag/Trace.o
 .debug_abbrev  0x0000133e      0x1c8 ./system/src/diag/trace_impl.o
 .debug_abbrev  0x00001506       0xea ./system/src/cortexm/_initialize_hardware.o
 .debug_abbrev  0x000015f0      0x286 ./system/src/cortexm/exception_handlers.o
 .debug_abbrev  0x00001876      0x104 ./system/src/cmsis/system_stm32f4xx.o
 .debug_abbrev  0x0000197a       0x9d ./system/src/cmsis/vectors_stm32f407xx.o
 .debug_abbrev  0x00001a17      0x21a ./src/BlinkLed.o
 .debug_abbrev  0x00001c31      0x1a6 ./src/Timer.o
 .debug_abbrev  0x00001dd7      0x14c ./src/_initialize_hardware.o
 .debug_abbrev  0x00001f23      0x169 ./src/led-bytes.o
 .debug_abbrev  0x0000208c      0x4a7 ./src/main.o
 .debug_abbrev  0x00002533       0x6a ./src/stm32f4xx_hal_msp.o

.debug_line     0x00000000     0xacb8
 *(.debug_line)
 .debug_line    0x00000000      0xb38 ./system/src/stm32f4-hal/stm32f4xx_hal.o
 .debug_line    0x00000b38      0xc1b ./system/src/stm32f4-hal/stm32f4xx_hal_cortex.o
 .debug_line    0x00001753      0xccc ./system/src/stm32f4-hal/stm32f4xx_hal_gpio.o
 .debug_line    0x0000241f      0xdea ./system/src/stm32f4-hal/stm32f4xx_hal_rcc.o
 .debug_line    0x00003209      0x2ca ./system/src/newlib/_exit.o
 .debug_line    0x000034d3      0x27c ./system/src/newlib/_sbrk.o
 .debug_line    0x0000374f      0x34d ./system/src/newlib/_startup.o
 .debug_line    0x00003a9c      0x806 ./system/src/newlib/_syscalls.o
 .debug_line    0x000042a2      0x30e ./system/src/newlib/assert.o
 .debug_line    0x000045b0      0x329 ./system/src/diag/Trace.o
 .debug_line    0x000048d9      0xa73 ./system/src/diag/trace_impl.o
 .debug_line    0x0000534c      0x9dc ./system/src/cortexm/_initialize_hardware.o
 .debug_line    0x00005d28      0xb45 ./system/src/cortexm/exception_handlers.o
 .debug_line    0x0000686d      0x9dc ./system/src/cmsis/system_stm32f4xx.o
 .debug_line    0x00007249      0x1f2 ./system/src/cmsis/vectors_stm32f407xx.o
 .debug_line    0x0000743b      0xa13 ./src/BlinkLed.o
 .debug_line    0x00007e4e      0xa00 ./src/Timer.o
 .debug_line    0x0000884e      0x9d5 ./src/_initialize_hardware.o
 .debug_line    0x00009223      0x582 ./src/led-bytes.o
 .debug_line    0x000097a5      0xb3d ./src/main.o
 .debug_line    0x0000a2e2      0x9d6 ./src/stm32f4xx_hal_msp.o

.debug_frame    0x00000000     0x1858
 *(.debug_frame)
 .debug_frame   0x00000000      0x188 ./system/src/stm32f4-hal/stm32f4xx_hal.o
 .debug_frame   0x00000188      0x17c ./system/src/stm32f4-hal/stm32f4xx_hal_cortex.o
 .debug_frame   0x00000304       0xf8 ./system/src/stm32f4-hal/stm32f4xx_hal_gpio.o
 .debug_frame   0x000003fc      0x158 ./system/src/stm32f4-hal/stm32f4xx_hal_rcc.o
 .debug_frame   0x00000554       0x38 ./system/src/newlib/_exit.o
 .debug_frame   0x0000058c       0x28 ./system/src/newlib/_sbrk.o
 .debug_frame   0x000005b4       0x7c ./system/src/newlib/_startup.o
 .debug_frame   0x00000630      0x3d0 ./system/src/newlib/_syscalls.o
 .debug_frame   0x00000a00       0x40 ./system/src/newlib/assert.o
 .debug_frame   0x00000a40       0x94 ./system/src/diag/Trace.o
 .debug_frame   0x00000ad4       0x60 ./system/src/diag/trace_impl.o
 .debug_frame   0x00000b34       0x40 ./system/src/cortexm/_initialize_hardware.o
 .debug_frame   0x00000b74      0x164 ./system/src/cortexm/exception_handlers.o
 .debug_frame   0x00000cd8       0x30 ./system/src/cmsis/system_stm32f4xx.o
 .debug_frame   0x00000d08       0x20 ./system/src/cmsis/vectors_stm32f407xx.o
 .debug_frame   0x00000d28       0x8c ./src/BlinkLed.o
 .debug_frame   0x00000db4       0x38 ./src/Timer.o
 .debug_frame   0x00000dec       0x48 ./src/_initialize_hardware.o
 .debug_frame   0x00000e34      0x130 ./src/led-bytes.o
 .debug_frame   0x00000f64       0x64 ./src/main.o
 .debug_frame   0x00000fc8       0x50 ./src/stm32f4xx_hal_msp.o
 .debug_frame   0x00001018       0x30 /usr/local/gcc-arm-none-eabi-5_2-2015q4/bin/../lib/gcc/arm-none-eabi/5.2.1/../../../../arm-none-eabi/lib/armv7e-m/libg_nano.a(lib_a-atoi.o)
 .debug_frame   0x00001048       0x20 /usr/local/gcc-arm-none-eabi-5_2-2015q4/bin/../lib/gcc/arm-none-eabi/5.2.1/../../../../arm-none-eabi/lib/armv7e-m/libg_nano.a(lib_a-errno.o)
 .debug_frame   0x00001068      0x11c /usr/local/gcc-arm-none-eabi-5_2-2015q4/bin/../lib/gcc/arm-none-eabi/5.2.1/../../../../arm-none-eabi/lib/armv7e-m/libg_nano.a(lib_a-findfp.o)
 .debug_frame   0x00001184       0x54 /usr/local/gcc-arm-none-eabi-5_2-2015q4/bin/../lib/gcc/arm-none-eabi/5.2.1/../../../../arm-none-eabi/lib/armv7e-m/libg_nano.a(lib_a-fwalk.o)
 .debug_frame   0x000011d8       0x4c /usr/local/gcc-arm-none-eabi-5_2-2015q4/bin/../lib/gcc/arm-none-eabi/5.2.1/../../../../arm-none-eabi/lib/armv7e-m/libg_nano.a(lib_a-fwrite.o)
 .debug_frame   0x00001224       0x20 /usr/local/gcc-arm-none-eabi-5_2-2015q4/bin/../lib/gcc/arm-none-eabi/5.2.1/../../../../arm-none-eabi/lib/armv7e-m/libg_nano.a(lib_a-memset.o)
 .debug_frame   0x00001244       0x2c /usr/local/gcc-arm-none-eabi-5_2-2015q4/bin/../lib/gcc/arm-none-eabi/5.2.1/../../../../arm-none-eabi/lib/armv7e-m/libg_nano.a(lib_a-nano-mallocr.o)
 .debug_frame   0x00001270       0x3c /usr/local/gcc-arm-none-eabi-5_2-2015q4/bin/../lib/gcc/arm-none-eabi/5.2.1/../../../../arm-none-eabi/lib/armv7e-m/libg_nano.a(lib_a-puts.o)
 .debug_frame   0x000012ac       0x44 /usr/local/gcc-arm-none-eabi-5_2-2015q4/bin/../lib/gcc/arm-none-eabi/5.2.1/../../../../arm-none-eabi/lib/armv7e-m/libg_nano.a(lib_a-rand.o)
 .debug_frame   0x000012f0       0x2c /usr/local/gcc-arm-none-eabi-5_2-2015q4/bin/../lib/gcc/arm-none-eabi/5.2.1/../../../../arm-none-eabi/lib/armv7e-m/libg_nano.a(lib_a-sbrkr.o)
 .debug_frame   0x0000131c       0x88 /usr/local/gcc-arm-none-eabi-5_2-2015q4/bin/../lib/gcc/arm-none-eabi/5.2.1/../../../../arm-none-eabi/lib/armv7e-m/libg_nano.a(lib_a-stdio.o)
 .debug_frame   0x000013a4       0x20 /usr/local/gcc-arm-none-eabi-5_2-2015q4/bin/../lib/gcc/arm-none-eabi/5.2.1/../../../../arm-none-eabi/lib/armv7e-m/libg_nano.a(lib_a-strcmp.o)
 .debug_frame   0x000013c4       0x44 /usr/local/gcc-arm-none-eabi-5_2-2015q4/bin/../lib/gcc/arm-none-eabi/5.2.1/../../../../arm-none-eabi/lib/armv7e-m/libg_nano.a(lib_a-strtol.o)
 .debug_frame   0x00001408       0x48 /usr/local/gcc-arm-none-eabi-5_2-2015q4/bin/../lib/gcc/arm-none-eabi/5.2.1/../../../../arm-none-eabi/lib/armv7e-m/libg_nano.a(lib_a-vsnprintf.o)
 .debug_frame   0x00001450       0x40 /usr/local/gcc-arm-none-eabi-5_2-2015q4/bin/../lib/gcc/arm-none-eabi/5.2.1/../../../../arm-none-eabi/lib/armv7e-m/libg_nano.a(lib_a-wbuf.o)
 .debug_frame   0x00001490       0x2c /usr/local/gcc-arm-none-eabi-5_2-2015q4/bin/../lib/gcc/arm-none-eabi/5.2.1/../../../../arm-none-eabi/lib/armv7e-m/libg_nano.a(lib_a-writer.o)
 .debug_frame   0x000014bc       0x2c /usr/local/gcc-arm-none-eabi-5_2-2015q4/bin/../lib/gcc/arm-none-eabi/5.2.1/../../../../arm-none-eabi/lib/armv7e-m/libg_nano.a(lib_a-wsetup.o)
 .debug_frame   0x000014e8       0x2c /usr/local/gcc-arm-none-eabi-5_2-2015q4/bin/../lib/gcc/arm-none-eabi/5.2.1/../../../../arm-none-eabi/lib/armv7e-m/libg_nano.a(lib_a-closer.o)
 .debug_frame   0x00001514       0x68 /usr/local/gcc-arm-none-eabi-5_2-2015q4/bin/../lib/gcc/arm-none-eabi/5.2.1/../../../../arm-none-eabi/lib/armv7e-m/libg_nano.a(lib_a-fflush.o)
 .debug_frame   0x0000157c       0x2c /usr/local/gcc-arm-none-eabi-5_2-2015q4/bin/../lib/gcc/arm-none-eabi/5.2.1/../../../../arm-none-eabi/lib/armv7e-m/libg_nano.a(lib_a-lseekr.o)
 .debug_frame   0x000015a8       0x34 /usr/local/gcc-arm-none-eabi-5_2-2015q4/bin/../lib/gcc/arm-none-eabi/5.2.1/../../../../arm-none-eabi/lib/armv7e-m/libg_nano.a(lib_a-makebuf.o)
 .debug_frame   0x000015dc       0x30 /usr/local/gcc-arm-none-eabi-5_2-2015q4/bin/../lib/gcc/arm-none-eabi/5.2.1/../../../../arm-none-eabi/lib/armv7e-m/libg_nano.a(lib_a-malloc.o)
 .debug_frame   0x0000160c       0x2c /usr/local/gcc-arm-none-eabi-5_2-2015q4/bin/../lib/gcc/arm-none-eabi/5.2.1/../../../../arm-none-eabi/lib/armv7e-m/libg_nano.a(lib_a-nano-freer.o)
 .debug_frame   0x00001638       0x90 /usr/local/gcc-arm-none-eabi-5_2-2015q4/bin/../lib/gcc/arm-none-eabi/5.2.1/../../../../arm-none-eabi/lib/armv7e-m/libg_nano.a(lib_a-nano-svfprintf.o)
 .debug_frame   0x000016c8       0x60 /usr/local/gcc-arm-none-eabi-5_2-2015q4/bin/../lib/gcc/arm-none-eabi/5.2.1/../../../../arm-none-eabi/lib/armv7e-m/libg_nano.a(lib_a-nano-vfprintf_i.o)
 .debug_frame   0x00001728       0x2c /usr/local/gcc-arm-none-eabi-5_2-2015q4/bin/../lib/gcc/arm-none-eabi/5.2.1/../../../../arm-none-eabi/lib/armv7e-m/libg_nano.a(lib_a-readr.o)
 .debug_frame   0x00001754       0x2c /usr/local/gcc-arm-none-eabi-5_2-2015q4/bin/../lib/gcc/arm-none-eabi/5.2.1/../../../../arm-none-eabi/lib/armv7e-m/libg_nano.a(lib_a-fstatr.o)
 .debug_frame   0x00001780       0x2c /usr/local/gcc-arm-none-eabi-5_2-2015q4/bin/../lib/gcc/arm-none-eabi/5.2.1/../../../../arm-none-eabi/lib/armv7e-m/libg_nano.a(lib_a-isattyr.o)
 .debug_frame   0x000017ac       0x28 /usr/local/gcc-arm-none-eabi-5_2-2015q4/bin/../lib/gcc/arm-none-eabi/5.2.1/../../../../arm-none-eabi/lib/armv7e-m/libg_nano.a(lib_a-memcpy-stub.o)
 .debug_frame   0x000017d4       0x28 /usr/local/gcc-arm-none-eabi-5_2-2015q4/bin/../lib/gcc/arm-none-eabi/5.2.1/../../../../arm-none-eabi/lib/armv7e-m/libg_nano.a(lib_a-memmove.o)
 .debug_frame   0x000017fc       0x3c /usr/local/gcc-arm-none-eabi-5_2-2015q4/bin/../lib/gcc/arm-none-eabi/5.2.1/../../../../arm-none-eabi/lib/armv7e-m/libg_nano.a(lib_a-nano-reallocr.o)
 .debug_frame   0x00001838       0x20 /usr/local/gcc-arm-none-eabi-5_2-2015q4/bin/../lib/gcc/arm-none-eabi/5.2.1/../../../../arm-none-eabi/lib/armv7e-m/libg_nano.a(lib_a-nano-msizer.o)

.debug_str      0x00000000    0xa80b7
 *(.debug_str)
 .debug_str     0x00000000    0xa2e2c ./system/src/stm32f4-hal/stm32f4xx_hal.o
                              0xa31db (size before relaxing)
 .debug_str     0x000a2e2c      0x374 ./system/src/stm32f4-hal/stm32f4xx_hal_cortex.o
                              0xa3058 (size before relaxing)
 .debug_str     0x000a31a0      0x2bf ./system/src/stm32f4-hal/stm32f4xx_hal_gpio.o
                              0xa2a69 (size before relaxing)
 .debug_str     0x000a345f      0x394 ./system/src/stm32f4-hal/stm32f4xx_hal_rcc.o
                              0xa2c07 (size before relaxing)
 .debug_str     0x000a37f3     0x108b ./system/src/newlib/_exit.o
                               0x69f1 (size before relaxing)
 .debug_str     0x000a487e      0x4de ./system/src/newlib/_sbrk.o
                               0x5e02 (size before relaxing)
 .debug_str     0x000a4d5c      0x2c6 ./system/src/newlib/_startup.o
                               0x59cc (size before relaxing)
 .debug_str     0x000a5022     0x1e14 ./system/src/newlib/_syscalls.o
                               0x9e91 (size before relaxing)
 .debug_str     0x000a6e36       0xd0 ./system/src/newlib/assert.o
                               0x74cb (size before relaxing)
 .debug_str     0x000a6f06      0x168 ./system/src/diag/Trace.o
                               0x7301 (size before relaxing)
 .debug_str     0x000a706e       0xa2 ./system/src/diag/trace_impl.o
                              0xa38f1 (size before relaxing)
 .debug_str     0x000a7110       0x5e ./system/src/cortexm/_initialize_hardware.o
                              0xa270d (size before relaxing)
 .debug_str     0x000a716e      0x1dc ./system/src/cortexm/exception_handlers.o
                              0xa3ae7 (size before relaxing)
 .debug_str     0x000a734a       0x46 ./system/src/cmsis/system_stm32f4xx.o
                              0xa27ec (size before relaxing)
 .debug_str     0x000a7390       0x59 ./system/src/cmsis/vectors_stm32f407xx.o
                               0x325d (size before relaxing)
 .debug_str     0x000a73e9      0x87e ./src/BlinkLed.o
                              0xa2d61 (size before relaxing)
 .debug_str     0x000a7c67       0xac ./src/Timer.o
                              0xa2b34 (size before relaxing)
 .debug_str     0x000a7d13       0x31 ./src/_initialize_hardware.o
                              0xa28f2 (size before relaxing)
 .debug_str     0x000a7d44      0x16a ./src/led-bytes.o
                               0x771d (size before relaxing)
 .debug_str     0x000a7eae      0x1cc ./src/main.o
                              0xa47ff (size before relaxing)
 .debug_str     0x000a807a       0x3d ./src/stm32f4xx_hal_msp.o
                              0xa2637 (size before relaxing)

.debug_loc      0x00000000     0x3372
 *(.debug_loc)
 .debug_loc     0x00000000       0x92 ./system/src/stm32f4-hal/stm32f4xx_hal.o
 .debug_loc     0x00000092      0x580 ./system/src/stm32f4-hal/stm32f4xx_hal_cortex.o
 .debug_loc     0x00000612      0x4b0 ./system/src/stm32f4-hal/stm32f4xx_hal_gpio.o
 .debug_loc     0x00000ac2      0x57a ./system/src/stm32f4-hal/stm32f4xx_hal_rcc.o
 .debug_loc     0x0000103c       0x82 ./system/src/newlib/_sbrk.o
 .debug_loc     0x000010be      0x36e ./system/src/newlib/_startup.o
 .debug_loc     0x0000142c      0xf15 ./system/src/newlib/_syscalls.o
 .debug_loc     0x00002341      0x110 ./system/src/newlib/assert.o
 .debug_loc     0x00002451      0x102 ./system/src/diag/Trace.o
 .debug_loc     0x00002553      0x17c ./system/src/diag/trace_impl.o
 .debug_loc     0x000026cf      0x43a ./system/src/cortexm/exception_handlers.o
 .debug_loc     0x00002b09      0x132 ./system/src/cmsis/system_stm32f4xx.o
 .debug_loc     0x00002c3b       0xa4 ./src/BlinkLed.o
 .debug_loc     0x00002cdf      0x49b ./src/led-bytes.o
 .debug_loc     0x0000317a      0x1f8 ./src/main.o

.debug_macinfo
 *(.debug_macinfo)

.debug_weaknames
 *(.debug_weaknames)

.debug_funcnames
 *(.debug_funcnames)

.debug_typenames
 *(.debug_typenames)

.debug_varnames
 *(.debug_varnames)
OUTPUT(blinky.elf elf32-littlearm)

.debug_ranges   0x00000000      0x600
 .debug_ranges  0x00000000       0xb0 ./system/src/stm32f4-hal/stm32f4xx_hal.o
 .debug_ranges  0x000000b0       0x88 ./system/src/stm32f4-hal/stm32f4xx_hal_cortex.o
 .debug_ranges  0x00000138       0x48 ./system/src/stm32f4-hal/stm32f4xx_hal_gpio.o
 .debug_ranges  0x00000180       0x78 ./system/src/stm32f4-hal/stm32f4xx_hal_rcc.o
 .debug_ranges  0x000001f8       0x18 ./system/src/newlib/_exit.o
 .debug_ranges  0x00000210       0x10 ./system/src/newlib/_sbrk.o
 .debug_ranges  0x00000220       0x30 ./system/src/newlib/_startup.o
 .debug_ranges  0x00000250      0x148 ./system/src/newlib/_syscalls.o
 .debug_ranges  0x00000398       0x18 ./system/src/newlib/assert.o
 .debug_ranges  0x000003b0       0x28 ./system/src/diag/Trace.o
 .debug_ranges  0x000003d8       0x38 ./system/src/diag/trace_impl.o
 .debug_ranges  0x00000410       0x18 ./system/src/cortexm/_initialize_hardware.o
 .debug_ranges  0x00000428       0x98 ./system/src/cortexm/exception_handlers.o
 .debug_ranges  0x000004c0       0x18 ./system/src/cmsis/system_stm32f4xx.o
 .debug_ranges  0x000004d8       0x10 ./system/src/cmsis/vectors_stm32f407xx.o
 .debug_ranges  0x000004e8       0x38 ./src/BlinkLed.o
 .debug_ranges  0x00000520       0x18 ./src/Timer.o
 .debug_ranges  0x00000538       0x18 ./src/_initialize_hardware.o
 .debug_ranges  0x00000550       0x50 ./src/led-bytes.o
 .debug_ranges  0x000005a0       0x38 ./src/main.o
 .debug_ranges  0x000005d8       0x28 ./src/stm32f4xx_hal_msp.o

.debug_macro    0x00000000    0x1d354
 .debug_macro   0x00000000      0x51b ./system/src/stm32f4-hal/stm32f4xx_hal.o
 .debug_macro   0x0000051b      0x89e ./system/src/stm32f4-hal/stm32f4xx_hal.o
 .debug_macro   0x00000db9      0x283 ./system/src/stm32f4-hal/stm32f4xx_hal.o
 .debug_macro   0x0000103c       0x2e ./system/src/stm32f4-hal/stm32f4xx_hal.o
 .debug_macro   0x0000106a       0x28 ./system/src/stm32f4-hal/stm32f4xx_hal.o
 .debug_macro   0x00001092       0x22 ./system/src/stm32f4-hal/stm32f4xx_hal.o
 .debug_macro   0x000010b4       0x44 ./system/src/stm32f4-hal/stm32f4xx_hal.o
 .debug_macro   0x000010f8       0xfd ./system/src/stm32f4-hal/stm32f4xx_hal.o
 .debug_macro   0x000011f5       0x22 ./system/src/stm32f4-hal/stm32f4xx_hal.o
 .debug_macro   0x00001217      0x1df ./system/src/stm32f4-hal/stm32f4xx_hal.o
 .debug_macro   0x000013f6       0x35 ./system/src/stm32f4-hal/stm32f4xx_hal.o
 .debug_macro   0x0000142b       0x50 ./system/src/stm32f4-hal/stm32f4xx_hal.o
 .debug_macro   0x0000147b      0xe66 ./system/src/stm32f4-hal/stm32f4xx_hal.o
 .debug_macro   0x000022e1     0x929b ./system/src/stm32f4-hal/stm32f4xx_hal.o
 .debug_macro   0x0000b57c       0x43 ./system/src/stm32f4-hal/stm32f4xx_hal.o
 .debug_macro   0x0000b5bf     0x33a6 ./system/src/stm32f4-hal/stm32f4xx_hal.o
 .debug_macro   0x0000e965       0x58 ./system/src/stm32f4-hal/stm32f4xx_hal.o
 .debug_macro   0x0000e9bd       0x35 ./system/src/stm32f4-hal/stm32f4xx_hal.o
 .debug_macro   0x0000e9f2       0x9c ./system/src/stm32f4-hal/stm32f4xx_hal.o
 .debug_macro   0x0000ea8e       0x16 ./system/src/stm32f4-hal/stm32f4xx_hal.o
 .debug_macro   0x0000eaa4       0x97 ./system/src/stm32f4-hal/stm32f4xx_hal.o
 .debug_macro   0x0000eb3b      0x329 ./system/src/stm32f4-hal/stm32f4xx_hal.o
 .debug_macro   0x0000ee64       0xfd ./system/src/stm32f4-hal/stm32f4xx_hal.o
 .debug_macro   0x0000ef61       0x10 ./system/src/stm32f4-hal/stm32f4xx_hal.o
 .debug_macro   0x0000ef71       0x52 ./system/src/stm32f4-hal/stm32f4xx_hal.o
 .debug_macro   0x0000efc3       0x16 ./system/src/stm32f4-hal/stm32f4xx_hal.o
 .debug_macro   0x0000efd9       0x43 ./system/src/stm32f4-hal/stm32f4xx_hal.o
 .debug_macro   0x0000f01c      0x187 ./system/src/stm32f4-hal/stm32f4xx_hal.o
 .debug_macro   0x0000f1a3       0x10 ./system/src/stm32f4-hal/stm32f4xx_hal.o
 .debug_macro   0x0000f1b3       0x22 ./system/src/stm32f4-hal/stm32f4xx_hal.o
 .debug_macro   0x0000f1d5       0x3a ./system/src/stm32f4-hal/stm32f4xx_hal.o
 .debug_macro   0x0000f20f       0x10 ./system/src/stm32f4-hal/stm32f4xx_hal.o
 .debug_macro   0x0000f21f       0x40 ./system/src/stm32f4-hal/stm32f4xx_hal.o
 .debug_macro   0x0000f25f       0x65 ./system/src/stm32f4-hal/stm32f4xx_hal.o
 .debug_macro   0x0000f2c4       0x16 ./system/src/stm32f4-hal/stm32f4xx_hal.o
 .debug_macro   0x0000f2da      0x197 ./system/src/stm32f4-hal/stm32f4xx_hal.o
 .debug_macro   0x0000f471       0x57 ./system/src/stm32f4-hal/stm32f4xx_hal.o
 .debug_macro   0x0000f4c8      0x964 ./system/src/stm32f4-hal/stm32f4xx_hal.o
 .debug_macro   0x0000fe2c      0x9da ./system/src/stm32f4-hal/stm32f4xx_hal.o
 .debug_macro   0x00010806      0x11e ./system/src/stm32f4-hal/stm32f4xx_hal.o
 .debug_macro   0x00010924      0x13e ./system/src/stm32f4-hal/stm32f4xx_hal.o
 .debug_macro   0x00010a62       0x27 ./system/src/stm32f4-hal/stm32f4xx_hal.o
 .debug_macro   0x00010a89      0x272 ./system/src/stm32f4-hal/stm32f4xx_hal.o
 .debug_macro   0x00010cfb       0x5f ./system/src/stm32f4-hal/stm32f4xx_hal.o
 .debug_macro   0x00010d5a      0x23a ./system/src/stm32f4-hal/stm32f4xx_hal.o
 .debug_macro   0x00010f94      0x391 ./system/src/stm32f4-hal/stm32f4xx_hal.o
 .debug_macro   0x00011325      0x16f ./system/src/stm32f4-hal/stm32f4xx_hal.o
 .debug_macro   0x00011494       0xf9 ./system/src/stm32f4-hal/stm32f4xx_hal.o
 .debug_macro   0x0001158d      0x36e ./system/src/stm32f4-hal/stm32f4xx_hal.o
 .debug_macro   0x000118fb       0x23 ./system/src/stm32f4-hal/stm32f4xx_hal.o
 .debug_macro   0x0001191e       0xe6 ./system/src/stm32f4-hal/stm32f4xx_hal.o
 .debug_macro   0x00011a04       0xa1 ./system/src/stm32f4-hal/stm32f4xx_hal.o
 .debug_macro   0x00011aa5       0x3c ./system/src/stm32f4-hal/stm32f4xx_hal.o
 .debug_macro   0x00011ae1      0x1af ./system/src/stm32f4-hal/stm32f4xx_hal.o
 .debug_macro   0x00011c90      0xcd6 ./system/src/stm32f4-hal/stm32f4xx_hal.o
 .debug_macro   0x00012966      0x13a ./system/src/stm32f4-hal/stm32f4xx_hal.o
 .debug_macro   0x00012aa0      0x21e ./system/src/stm32f4-hal/stm32f4xx_hal.o
 .debug_macro   0x00012cbe       0x2e ./system/src/stm32f4-hal/stm32f4xx_hal.o
 .debug_macro   0x00012cec      0x512 ./system/src/stm32f4-hal/stm32f4xx_hal.o
 .debug_macro   0x000131fe       0x88 ./system/src/stm32f4-hal/stm32f4xx_hal.o
 .debug_macro   0x00013286       0xd5 ./system/src/stm32f4-hal/stm32f4xx_hal.o
 .debug_macro   0x0001335b      0x183 ./system/src/stm32f4-hal/stm32f4xx_hal.o
 .debug_macro   0x000134de      0x1a7 ./system/src/stm32f4-hal/stm32f4xx_hal.o
 .debug_macro   0x00013685       0xa5 ./system/src/stm32f4-hal/stm32f4xx_hal.o
 .debug_macro   0x0001372a      0x18b ./system/src/stm32f4-hal/stm32f4xx_hal.o
 .debug_macro   0x000138b5       0x24 ./system/src/stm32f4-hal/stm32f4xx_hal.o
 .debug_macro   0x000138d9       0x35 ./system/src/stm32f4-hal/stm32f4xx_hal.o
 .debug_macro   0x0001390e       0x97 ./system/src/stm32f4-hal/stm32f4xx_hal.o
 .debug_macro   0x000139a5      0x11e ./system/src/stm32f4-hal/stm32f4xx_hal.o
 .debug_macro   0x00013ac3       0x7f ./system/src/stm32f4-hal/stm32f4xx_hal.o
 .debug_macro   0x00013b42       0x89 ./system/src/stm32f4-hal/stm32f4xx_hal.o
 .debug_macro   0x00013bcb       0x7e ./system/src/stm32f4-hal/stm32f4xx_hal.o
 .debug_macro   0x00013c49      0x31a ./system/src/stm32f4-hal/stm32f4xx_hal.o
 .debug_macro   0x00013f63      0x409 ./system/src/stm32f4-hal/stm32f4xx_hal.o
 .debug_macro   0x0001436c       0xe4 ./system/src/stm32f4-hal/stm32f4xx_hal.o
 .debug_macro   0x00014450      0x48d ./system/src/stm32f4-hal/stm32f4xx_hal.o
 .debug_macro   0x000148dd      0x22b ./system/src/stm32f4-hal/stm32f4xx_hal.o
 .debug_macro   0x00014b08      0x202 ./system/src/stm32f4-hal/stm32f4xx_hal.o
 .debug_macro   0x00014d0a      0x6d9 ./system/src/stm32f4-hal/stm32f4xx_hal.o
 .debug_macro   0x000153e3       0x5b ./system/src/stm32f4-hal/stm32f4xx_hal.o
 .debug_macro   0x0001543e      0x14d ./system/src/stm32f4-hal/stm32f4xx_hal.o
 .debug_macro   0x0001558b      0x287 ./system/src/stm32f4-hal/stm32f4xx_hal.o
 .debug_macro   0x00015812      0x225 ./system/src/stm32f4-hal/stm32f4xx_hal.o
 .debug_macro   0x00015a37      0x1b5 ./system/src/stm32f4-hal/stm32f4xx_hal.o
 .debug_macro   0x00015bec      0x2db ./system/src/stm32f4-hal/stm32f4xx_hal.o
 .debug_macro   0x00015ec7       0x94 ./system/src/stm32f4-hal/stm32f4xx_hal.o
 .debug_macro   0x00015f5b      0x1df ./system/src/stm32f4-hal/stm32f4xx_hal.o
 .debug_macro   0x0001613a      0x115 ./system/src/stm32f4-hal/stm32f4xx_hal.o
 .debug_macro   0x0001624f       0x6e ./system/src/stm32f4-hal/stm32f4xx_hal.o
 .debug_macro   0x000162bd      0x125 ./system/src/stm32f4-hal/stm32f4xx_hal.o
 .debug_macro   0x000163e2      0x4cd ./system/src/stm32f4-hal/stm32f4xx_hal_cortex.o
 .debug_macro   0x000168af      0x505 ./system/src/stm32f4-hal/stm32f4xx_hal_gpio.o
 .debug_macro   0x00016db4      0x4f7 ./system/src/stm32f4-hal/stm32f4xx_hal_rcc.o
 .debug_macro   0x000172ab      0x172 ./system/src/newlib/_exit.o
 .debug_macro   0x0001741d      0x10e ./system/src/newlib/_exit.o
 .debug_macro   0x0001752b       0x8d ./system/src/newlib/_exit.o
 .debug_macro   0x000175b8       0x35 ./system/src/newlib/_exit.o
 .debug_macro   0x000175ed      0x12e ./system/src/newlib/_sbrk.o
 .debug_macro   0x0001771b      0x174 ./system/src/newlib/_sbrk.o
 .debug_macro   0x0001788f       0x10 ./system/src/newlib/_sbrk.o
 .debug_macro   0x0001789f      0x23b ./system/src/newlib/_sbrk.o
 .debug_macro   0x00017ada      0x14d ./system/src/newlib/_startup.o
 .debug_macro   0x00017c27      0x8a4 ./system/src/newlib/_startup.o
 .debug_macro   0x000184cb      0x289 ./system/src/newlib/_syscalls.o
 .debug_macro   0x00018754       0x10 ./system/src/newlib/_syscalls.o
 .debug_macro   0x00018764       0x10 ./system/src/newlib/_syscalls.o
 .debug_macro   0x00018774       0x10 ./system/src/newlib/_syscalls.o
 .debug_macro   0x00018784       0x35 ./system/src/newlib/_syscalls.o
 .debug_macro   0x000187b9      0x122 ./system/src/newlib/_syscalls.o
 .debug_macro   0x000188db      0x1cd ./system/src/newlib/_syscalls.o
 .debug_macro   0x00018aa8       0x10 ./system/src/newlib/_syscalls.o
 .debug_macro   0x00018ab8       0x1c ./system/src/newlib/_syscalls.o
 .debug_macro   0x00018ad4       0x16 ./system/src/newlib/_syscalls.o
 .debug_macro   0x00018aea       0x88 ./system/src/newlib/_syscalls.o
 .debug_macro   0x00018b72      0x241 ./system/src/newlib/_syscalls.o
 .debug_macro   0x00018db3       0x16 ./system/src/newlib/_syscalls.o
 .debug_macro   0x00018dc9       0x3a ./system/src/newlib/_syscalls.o
 .debug_macro   0x00018e03       0xac ./system/src/newlib/_syscalls.o
 .debug_macro   0x00018eaf      0x159 ./system/src/newlib/_syscalls.o
 .debug_macro   0x00019008       0x16 ./system/src/newlib/_syscalls.o
 .debug_macro   0x0001901e       0x22 ./system/src/newlib/_syscalls.o
 .debug_macro   0x00019040      0x19d ./system/src/newlib/assert.o
 .debug_macro   0x000191dd       0x1c ./system/src/newlib/assert.o
 .debug_macro   0x000191f9      0x19f ./system/src/diag/Trace.o
 .debug_macro   0x00019398       0x52 ./system/src/diag/Trace.o
 .debug_macro   0x000193ea      0x513 ./system/src/diag/trace_impl.o
 .debug_macro   0x000198fd      0x4d7 ./system/src/cortexm/_initialize_hardware.o
 .debug_macro   0x00019dd4      0x541 ./system/src/cortexm/exception_handlers.o
 .debug_macro   0x0001a315       0x3b ./system/src/cortexm/exception_handlers.o
 .debug_macro   0x0001a350      0x4d3 ./system/src/cmsis/system_stm32f4xx.o
 .debug_macro   0x0001a823       0x64 ./system/src/cmsis/vectors_stm32f407xx.o
 .debug_macro   0x0001a887      0x4ee ./src/BlinkLed.o
 .debug_macro   0x0001ad75       0x1c ./src/BlinkLed.o
 .debug_macro   0x0001ad91      0xe66 ./src/BlinkLed.o
 .debug_macro   0x0001bbf7       0x97 ./src/BlinkLed.o
 .debug_macro   0x0001bc8e      0x104 ./src/BlinkLed.o
 .debug_macro   0x0001bd92      0x4ef ./src/Timer.o
 .debug_macro   0x0001c281       0x10 ./src/Timer.o
 .debug_macro   0x0001c291      0x4cd ./src/_initialize_hardware.o
 .debug_macro   0x0001c75e      0x1b1 ./src/led-bytes.o
 .debug_macro   0x0001c90f      0x578 ./src/main.o
 .debug_macro   0x0001ce87      0x4cd ./src/stm32f4xx_hal_msp.o
